Job 3239523: Running on node(s) kusel
Job 3239523: Started at 2026-08-02 05:00:32+0200
Monitor this job here: http://monitoring.pegasus.kl.dfki.de/d/slurm-job-details/job-details?var-jobid=3239523&from=1785639632000
srun: jobinfo: version v1.0.0
Job 3239523: Running on node(s) kusel
Job 3239523: Started at 2026-08-02 05:00:32+0200
Monitor this job here: http://monitoring.pegasus.kl.dfki.de/d/slurm-job-details/job-details?var-jobid=3239523&from=1785639632000
WARNING: Running pip as the 'root' user can result in broken permissions and conflicting behaviour with the system package manager. It is recommended to use a virtual environment instead: https://pip.pypa.io/warnings/venv

[notice] A new release of pip is available: 23.3.1 -> 26.2
[notice] To update, run: python -m pip install --upgrade pip
/usr/local/lib/python3.10/dist-packages/open_clip/factory.py:388: UserWarning: These pretrained weights were trained with QuickGELU activation but the model config does not have that enabled. Consider using a model config with a "-quickgelu" suffix or enable with a flag.
  warnings.warn(
Accuracy for 1 task(s): [Domain-IL]: 93.93 %
	Raw accuracy values: Domain-IL [93.93]


Accuracy for 2 task(s): [Domain-IL]: 91.48 %
	Raw accuracy values: Domain-IL [90.53999999999999, 92.43]


Accuracy for 3 task(s): [Domain-IL]: 92.11 %
	Raw accuracy values: Domain-IL [91.9, 89.85, 94.59]


Accuracy for 4 task(s): [Domain-IL]: 92.8 %
	Raw accuracy values: Domain-IL [90.9, 93.39, 92.27, 94.66]


Accuracy for 5 task(s): [Domain-IL]: 93.68 %
	Raw accuracy values: Domain-IL [93.76, 91.95, 94.38, 92.92, 95.37]


Accuracy for 6 task(s): [Domain-IL]: 93.08 %
	Raw accuracy values: Domain-IL [91.64999999999999, 90.14, 95.09, 92.38, 94.21000000000001, 95.0]


Accuracy for 7 task(s): [Domain-IL]: 93.05 %
	Raw accuracy values: Domain-IL [90.42, 89.24, 94.48, 92.67, 93.19, 95.69, 95.67]


Accuracy for 8 task(s): [Domain-IL]: 93.81 %
	Raw accuracy values: Domain-IL [92.08, 89.11, 96.13000000000001, 92.07, 94.86, 95.57, 94.52000000000001, 96.16]


Accuracy for 9 task(s): [Domain-IL]: 93.27 %
	Raw accuracy values: Domain-IL [95.03, 87.35000000000001, 94.61, 90.8, 95.41, 93.75, 93.0, 94.64, 94.85]


Accuracy for 10 task(s): [Domain-IL]: 91.58 %
	Raw accuracy values: Domain-IL [93.0, 84.6, 92.95, 88.55, 93.75, 91.83, 90.46, 93.01, 93.63, 94.05]


Accuracy for 11 task(s): [Domain-IL]: 92.68 %
	Raw accuracy values: Domain-IL [92.62, 94.86, 92.97, 93.58999999999999, 93.52000000000001, 91.53, 90.5, 92.99, 92.89, 89.13, 94.93]


Accuracy for 12 task(s): [Domain-IL]: 91.86 %
	Raw accuracy values: Domain-IL [91.67, 94.27, 92.28, 91.69, 92.5, 90.91, 89.27000000000001, 92.23, 91.36999999999999, 85.87, 95.06, 95.21]


Accuracy for 13 task(s): [Domain-IL]: 90.89 %
	Raw accuracy values: Domain-IL [89.72, 92.58999999999999, 90.78, 90.9, 90.91, 90.16999999999999, 88.32, 90.88000000000001, 89.75999999999999, 90.75, 93.17999999999999, 89.61, 94.04]


Accuracy for 14 task(s): [Domain-IL]: 92.09 %
	Raw accuracy values: Domain-IL [89.73, 92.93, 92.93, 93.28, 91.72, 95.37, 95.58, 93.05, 89.60000000000001, 88.72, 92.77, 88.91, 89.01, 95.62]


Accuracy for 15 task(s): [Domain-IL]: 92.04 %
	Raw accuracy values: Domain-IL [89.41, 94.6, 91.73, 95.44, 91.16, 94.23, 94.96, 92.11, 88.96, 87.58, 93.62, 88.81, 86.68, 95.33, 96.0]


Accuracy for 16 task(s): [Domain-IL]: 92.33 %
	Raw accuracy values: Domain-IL [89.29, 93.46, 93.27, 94.44, 91.86999999999999, 96.00999999999999, 96.37, 93.67, 89.05999999999999, 86.07000000000001, 92.69, 87.63, 85.41, 96.23, 95.34, 96.47]


Accuracy for 17 task(s): [Domain-IL]: 93.11 %
	Raw accuracy values: Domain-IL [94.37, 93.42, 95.67, 93.85, 95.94, 95.17999999999999, 95.25, 95.65, 93.31, 86.02, 92.51, 87.94, 82.39999999999999, 95.3, 94.43, 95.63000000000001, 95.94]


Accuracy for 18 task(s): [Domain-IL]: 92.0 %
	Raw accuracy values: Domain-IL [91.11, 91.55, 93.30000000000001, 92.57, 93.32000000000001, 94.08999999999999, 94.16, 93.52000000000001, 89.81, 85.28, 90.71000000000001, 83.66, 93.75, 93.94, 93.17, 94.3, 93.32000000000001, 94.44]


Accuracy for 19 task(s): [Domain-IL]: 92.41 %
	Raw accuracy values: Domain-IL [92.84, 91.5, 92.35, 92.31, 93.30000000000001, 93.30000000000001, 93.67, 92.33, 93.61, 94.65, 90.86, 84.56, 92.07, 93.53, 92.65, 93.57, 93.30000000000001, 89.79, 95.57]


Accuracy for 20 task(s): [Domain-IL]: 92.33 %
	Raw accuracy values: Domain-IL [94.5, 91.11, 92.66, 91.74, 94.15, 92.5, 93.2, 92.71000000000001, 95.48, 93.41000000000001, 90.62, 83.59, 90.28, 92.99, 92.08, 92.91, 94.15, 87.21, 95.32000000000001, 95.93]


