Job 3410807: Running on node(s) kent
Job 3410807: Started at 2026-09-17 16:24:21+0200
Monitor this job here: http://monitoring.pegasus.kl.dfki.de/d/slurm-job-details/job-details?var-jobid=3410807&from=1789655061000
srun: jobinfo: version v1.0.0
Job 3410807: Running on node(s) kent
Job 3410807: Started at 2026-09-17 16:24:21+0200
Monitor this job here: http://monitoring.pegasus.kl.dfki.de/d/slurm-job-details/job-details?var-jobid=3410807&from=1789655061000
WARNING: Retrying (Retry(total=4, connect=None, read=None, redirect=None, status=None)) after connection broken by 'NewConnectionError('<pip._vendor.urllib3.connection.HTTPSConnection object at 0x7088a0b832e0>: Failed to establish a new connection: [Errno -2] Name or service not known')': /kornia/
WARNING: Retrying (Retry(total=3, connect=None, read=None, redirect=None, status=None)) after connection broken by 'NewConnectionError('<pip._vendor.urllib3.connection.HTTPSConnection object at 0x7088a0b833d0>: Failed to establish a new connection: [Errno -2] Name or service not known')': /kornia/
WARNING: Retrying (Retry(total=2, connect=None, read=None, redirect=None, status=None)) after connection broken by 'NewConnectionError('<pip._vendor.urllib3.connection.HTTPSConnection object at 0x7088a0b839d0>: Failed to establish a new connection: [Errno -2] Name or service not known')': /kornia/
WARNING: Retrying (Retry(total=1, connect=None, read=None, redirect=None, status=None)) after connection broken by 'NewConnectionError('<pip._vendor.urllib3.connection.HTTPSConnection object at 0x7088a0b83b80>: Failed to establish a new connection: [Errno -2] Name or service not known')': /kornia/
WARNING: Retrying (Retry(total=0, connect=None, read=None, redirect=None, status=None)) after connection broken by 'NewConnectionError('<pip._vendor.urllib3.connection.HTTPSConnection object at 0x7088a0b83d30>: Failed to establish a new connection: [Errno -2] Name or service not known')': /kornia/
WARNING: Retrying (Retry(total=4, connect=None, read=None, redirect=None, status=None)) after connection broken by 'NewConnectionError('<pip._vendor.urllib3.connection.HTTPSConnection object at 0x7088a0a216c0>: Failed to establish a new connection: [Errno -2] Name or service not known')': /timm/
WARNING: Retrying (Retry(total=3, connect=None, read=None, redirect=None, status=None)) after connection broken by 'NewConnectionError('<pip._vendor.urllib3.connection.HTTPSConnection object at 0x7088a0a21b40>: Failed to establish a new connection: [Errno -2] Name or service not known')': /timm/
WARNING: Retrying (Retry(total=2, connect=None, read=None, redirect=None, status=None)) after connection broken by 'NewConnectionError('<pip._vendor.urllib3.connection.HTTPSConnection object at 0x7088a0a21cf0>: Failed to establish a new connection: [Errno -2] Name or service not known')': /timm/
WARNING: Retrying (Retry(total=1, connect=None, read=None, redirect=None, status=None)) after connection broken by 'NewConnectionError('<pip._vendor.urllib3.connection.HTTPSConnection object at 0x7088a0a21ea0>: Failed to establish a new connection: [Errno -2] Name or service not known')': /timm/
WARNING: Retrying (Retry(total=0, connect=None, read=None, redirect=None, status=None)) after connection broken by 'NewConnectionError('<pip._vendor.urllib3.connection.HTTPSConnection object at 0x7088a0a22050>: Failed to establish a new connection: [Errno -2] Name or service not known')': /timm/
WARNING: Retrying (Retry(total=4, connect=None, read=None, redirect=None, status=None)) after connection broken by 'NewConnectionError('<pip._vendor.urllib3.connection.HTTPSConnection object at 0x7088a09b8580>: Failed to establish a new connection: [Errno -2] Name or service not known')': /onedrivedownloader/
WARNING: Retrying (Retry(total=3, connect=None, read=None, redirect=None, status=None)) after connection broken by 'NewConnectionError('<pip._vendor.urllib3.connection.HTTPSConnection object at 0x7088a09cc130>: Failed to establish a new connection: [Errno -2] Name or service not known')': /onedrivedownloader/
WARNING: Retrying (Retry(total=2, connect=None, read=None, redirect=None, status=None)) after connection broken by 'NewConnectionError('<pip._vendor.urllib3.connection.HTTPSConnection object at 0x7088a09cc2e0>: Failed to establish a new connection: [Errno -2] Name or service not known')': /onedrivedownloader/
WARNING: Retrying (Retry(total=1, connect=None, read=None, redirect=None, status=None)) after connection broken by 'NewConnectionError('<pip._vendor.urllib3.connection.HTTPSConnection object at 0x7088a09cc490>: Failed to establish a new connection: [Errno -2] Name or service not known')': /onedrivedownloader/
WARNING: Retrying (Retry(total=0, connect=None, read=None, redirect=None, status=None)) after connection broken by 'NewConnectionError('<pip._vendor.urllib3.connection.HTTPSConnection object at 0x7088a09cc640>: Failed to establish a new connection: [Errno -2] Name or service not known')': /onedrivedownloader/
WARNING: Retrying (Retry(total=4, connect=None, read=None, redirect=None, status=None)) after connection broken by 'NewConnectionError('<pip._vendor.urllib3.connection.HTTPSConnection object at 0x7088a0a4fe80>: Failed to establish a new connection: [Errno -2] Name or service not known')': /ftfy/
WARNING: Retrying (Retry(total=3, connect=None, read=None, redirect=None, status=None)) after connection broken by 'NewConnectionError('<pip._vendor.urllib3.connection.HTTPSConnection object at 0x7088a0a4ffa0>: Failed to establish a new connection: [Errno -2] Name or service not known')': /ftfy/
WARNING: Retrying (Retry(total=2, connect=None, read=None, redirect=None, status=None)) after connection broken by 'NewConnectionError('<pip._vendor.urllib3.connection.HTTPSConnection object at 0x7088a0a6c400>: Failed to establish a new connection: [Errno -2] Name or service not known')': /ftfy/
WARNING: Retrying (Retry(total=1, connect=None, read=None, redirect=None, status=None)) after connection broken by 'NewConnectionError('<pip._vendor.urllib3.connection.HTTPSConnection object at 0x7088a0a6c5b0>: Failed to establish a new connection: [Errno -2] Name or service not known')': /ftfy/
WARNING: Retrying (Retry(total=0, connect=None, read=None, redirect=None, status=None)) after connection broken by 'NewConnectionError('<pip._vendor.urllib3.connection.HTTPSConnection object at 0x7088a0a6c760>: Failed to establish a new connection: [Errno -2] Name or service not known')': /ftfy/
WARNING: Retrying (Retry(total=4, connect=None, read=None, redirect=None, status=None)) after connection broken by 'NewConnectionError('<pip._vendor.urllib3.connection.HTTPSConnection object at 0x7088a0aac430>: Failed to establish a new connection: [Errno -2] Name or service not known')': /huggingface-hub/
WARNING: Retrying (Retry(total=3, connect=None, read=None, redirect=None, status=None)) after connection broken by 'NewConnectionError('<pip._vendor.urllib3.connection.HTTPSConnection object at 0x7088a0aac6a0>: Failed to establish a new connection: [Errno -2] Name or service not known')': /huggingface-hub/
WARNING: Retrying (Retry(total=2, connect=None, read=None, redirect=None, status=None)) after connection broken by 'NewConnectionError('<pip._vendor.urllib3.connection.HTTPSConnection object at 0x7088a0aac850>: Failed to establish a new connection: [Errno -2] Name or service not known')': /huggingface-hub/
WARNING: Retrying (Retry(total=1, connect=None, read=None, redirect=None, status=None)) after connection broken by 'NewConnectionError('<pip._vendor.urllib3.connection.HTTPSConnection object at 0x7088a0aaca00>: Failed to establish a new connection: [Errno -2] Name or service not known')': /huggingface-hub/
WARNING: Retrying (Retry(total=0, connect=None, read=None, redirect=None, status=None)) after connection broken by 'NewConnectionError('<pip._vendor.urllib3.connection.HTTPSConnection object at 0x7088a0aacbb0>: Failed to establish a new connection: [Errno -2] Name or service not known')': /huggingface-hub/
WARNING: Retrying (Retry(total=4, connect=None, read=None, redirect=None, status=None)) after connection broken by 'NewConnectionError('<pip._vendor.urllib3.connection.HTTPSConnection object at 0x7088a0023dc0>: Failed to establish a new connection: [Errno -2] Name or service not known')': /safetensors/
WARNING: Retrying (Retry(total=3, connect=None, read=None, redirect=None, status=None)) after connection broken by 'NewConnectionError('<pip._vendor.urllib3.connection.HTTPSConnection object at 0x7088a0078040>: Failed to establish a new connection: [Errno -2] Name or service not known')': /safetensors/
WARNING: Retrying (Retry(total=2, connect=None, read=None, redirect=None, status=None)) after connection broken by 'NewConnectionError('<pip._vendor.urllib3.connection.HTTPSConnection object at 0x7088a0078430>: Failed to establish a new connection: [Errno -2] Name or service not known')': /safetensors/
WARNING: Retrying (Retry(total=1, connect=None, read=None, redirect=None, status=None)) after connection broken by 'NewConnectionError('<pip._vendor.urllib3.connection.HTTPSConnection object at 0x7088a00785e0>: Failed to establish a new connection: [Errno -2] Name or service not known')': /safetensors/
WARNING: Retrying (Retry(total=0, connect=None, read=None, redirect=None, status=None)) after connection broken by 'NewConnectionError('<pip._vendor.urllib3.connection.HTTPSConnection object at 0x7088a0078790>: Failed to establish a new connection: [Errno -2] Name or service not known')': /safetensors/
WARNING: Retrying (Retry(total=4, connect=None, read=None, redirect=None, status=None)) after connection broken by 'NewConnectionError('<pip._vendor.urllib3.connection.HTTPSConnection object at 0x7088a073ded0>: Failed to establish a new connection: [Errno -2] Name or service not known')': /kornia-rs/
WARNING: Retrying (Retry(total=3, connect=None, read=None, redirect=None, status=None)) after connection broken by 'NewConnectionError('<pip._vendor.urllib3.connection.HTTPSConnection object at 0x7088a073e320>: Failed to establish a new connection: [Errno -2] Name or service not known')': /kornia-rs/
WARNING: Retrying (Retry(total=2, connect=None, read=None, redirect=None, status=None)) after connection broken by 'NewConnectionError('<pip._vendor.urllib3.connection.HTTPSConnection object at 0x7088a073e4d0>: Failed to establish a new connection: [Errno -2] Name or service not known')': /kornia-rs/
WARNING: Retrying (Retry(total=1, connect=None, read=None, redirect=None, status=None)) after connection broken by 'NewConnectionError('<pip._vendor.urllib3.connection.HTTPSConnection object at 0x7088a073e680>: Failed to establish a new connection: [Errno -2] Name or service not known')': /kornia-rs/
WARNING: Retrying (Retry(total=0, connect=None, read=None, redirect=None, status=None)) after connection broken by 'NewConnectionError('<pip._vendor.urllib3.connection.HTTPSConnection object at 0x7088a073e830>: Failed to establish a new connection: [Errno -2] Name or service not known')': /kornia-rs/
WARNING: Retrying (Retry(total=4, connect=None, read=None, redirect=None, status=None)) after connection broken by 'NewConnectionError('<pip._vendor.urllib3.connection.HTTPSConnection object at 0x70889feadbd0>: Failed to establish a new connection: [Errno -2] Name or service not known')': /click/
WARNING: Retrying (Retry(total=3, connect=None, read=None, redirect=None, status=None)) after connection broken by 'NewConnectionError('<pip._vendor.urllib3.connection.HTTPSConnection object at 0x70889feae050>: Failed to establish a new connection: [Errno -2] Name or service not known')': /click/
WARNING: Retrying (Retry(total=2, connect=None, read=None, redirect=None, status=None)) after connection broken by 'NewConnectionError('<pip._vendor.urllib3.connection.HTTPSConnection object at 0x70889feae200>: Failed to establish a new connection: [Errno -2] Name or service not known')': /click/
WARNING: Retrying (Retry(total=1, connect=None, read=None, redirect=None, status=None)) after connection broken by 'NewConnectionError('<pip._vendor.urllib3.connection.HTTPSConnection object at 0x70889feae3b0>: Failed to establish a new connection: [Errno -2] Name or service not known')': /click/
WARNING: Retrying (Retry(total=0, connect=None, read=None, redirect=None, status=None)) after connection broken by 'NewConnectionError('<pip._vendor.urllib3.connection.HTTPSConnection object at 0x70889feae560>: Failed to establish a new connection: [Errno -2] Name or service not known')': /click/
WARNING: Retrying (Retry(total=4, connect=None, read=None, redirect=None, status=None)) after connection broken by 'NewConnectionError('<pip._vendor.urllib3.connection.HTTPSConnection object at 0x70889fe6fe80>: Failed to establish a new connection: [Errno -2] Name or service not known')': /hf-xet/
WARNING: Retrying (Retry(total=3, connect=None, read=None, redirect=None, status=None)) after connection broken by 'NewConnectionError('<pip._vendor.urllib3.connection.HTTPSConnection object at 0x70889fe84280>: Failed to establish a new connection: [Errno -2] Name or service not known')': /hf-xet/
WARNING: Retrying (Retry(total=2, connect=None, read=None, redirect=None, status=None)) after connection broken by 'NewConnectionError('<pip._vendor.urllib3.connection.HTTPSConnection object at 0x70889fe84430>: Failed to establish a new connection: [Errno -2] Name or service not known')': /hf-xet/
WARNING: Retrying (Retry(total=1, connect=None, read=None, redirect=None, status=None)) after connection broken by 'NewConnectionError('<pip._vendor.urllib3.connection.HTTPSConnection object at 0x70889fe845e0>: Failed to establish a new connection: [Errno -2] Name or service not known')': /hf-xet/
WARNING: Retrying (Retry(total=0, connect=None, read=None, redirect=None, status=None)) after connection broken by 'NewConnectionError('<pip._vendor.urllib3.connection.HTTPSConnection object at 0x70889fe84790>: Failed to establish a new connection: [Errno -2] Name or service not known')': /hf-xet/
WARNING: Retrying (Retry(total=4, connect=None, read=None, redirect=None, status=None)) after connection broken by 'NewConnectionError('<pip._vendor.urllib3.connection.HTTPSConnection object at 0x70889ff195d0>: Failed to establish a new connection: [Errno -2] Name or service not known')': /httpx/
WARNING: Retrying (Retry(total=3, connect=None, read=None, redirect=None, status=None)) after connection broken by 'NewConnectionError('<pip._vendor.urllib3.connection.HTTPSConnection object at 0x70889ff19a50>: Failed to establish a new connection: [Errno -2] Name or service not known')': /httpx/
WARNING: Retrying (Retry(total=2, connect=None, read=None, redirect=None, status=None)) after connection broken by 'NewConnectionError('<pip._vendor.urllib3.connection.HTTPSConnection object at 0x70889ff19c00>: Failed to establish a new connection: [Errno -2] Name or service not known')': /httpx/
WARNING: Retrying (Retry(total=1, connect=None, read=None, redirect=None, status=None)) after connection broken by 'NewConnectionError('<pip._vendor.urllib3.connection.HTTPSConnection object at 0x70889ff19db0>: Failed to establish a new connection: [Errno -2] Name or service not known')': /httpx/
WARNING: Retrying (Retry(total=0, connect=None, read=None, redirect=None, status=None)) after connection broken by 'NewConnectionError('<pip._vendor.urllib3.connection.HTTPSConnection object at 0x70889ff19f60>: Failed to establish a new connection: [Errno -2] Name or service not known')': /httpx/
WARNING: Retrying (Retry(total=4, connect=None, read=None, redirect=None, status=None)) after connection broken by 'NewConnectionError('<pip._vendor.urllib3.connection.HTTPSConnection object at 0x70889fd43010>: Failed to establish a new connection: [Errno -2] Name or service not known')': /anyio/
WARNING: Retrying (Retry(total=3, connect=None, read=None, redirect=None, status=None)) after connection broken by 'NewConnectionError('<pip._vendor.urllib3.connection.HTTPSConnection object at 0x70889fd43490>: Failed to establish a new connection: [Errno -2] Name or service not known')': /anyio/
WARNING: Retrying (Retry(total=2, connect=None, read=None, redirect=None, status=None)) after connection broken by 'NewConnectionError('<pip._vendor.urllib3.connection.HTTPSConnection object at 0x70889fd43640>: Failed to establish a new connection: [Errno -2] Name or service not known')': /anyio/
WARNING: Retrying (Retry(total=1, connect=None, read=None, redirect=None, status=None)) after connection broken by 'NewConnectionError('<pip._vendor.urllib3.connection.HTTPSConnection object at 0x70889fd437f0>: Failed to establish a new connection: [Errno -2] Name or service not known')': /anyio/
WARNING: Retrying (Retry(total=0, connect=None, read=None, redirect=None, status=None)) after connection broken by 'NewConnectionError('<pip._vendor.urllib3.connection.HTTPSConnection object at 0x70889fd439a0>: Failed to establish a new connection: [Errno -2] Name or service not known')': /anyio/
WARNING: Retrying (Retry(total=4, connect=None, read=None, redirect=None, status=None)) after connection broken by 'NewConnectionError('<pip._vendor.urllib3.connection.HTTPSConnection object at 0x70889fb91690>: Failed to establish a new connection: [Errno -2] Name or service not known')': /httpcore/
WARNING: Retrying (Retry(total=3, connect=None, read=None, redirect=None, status=None)) after connection broken by 'NewConnectionError('<pip._vendor.urllib3.connection.HTTPSConnection object at 0x70889fb91b10>: Failed to establish a new connection: [Errno -2] Name or service not known')': /httpcore/
WARNING: Retrying (Retry(total=2, connect=None, read=None, redirect=None, status=None)) after connection broken by 'NewConnectionError('<pip._vendor.urllib3.connection.HTTPSConnection object at 0x70889fb91cc0>: Failed to establish a new connection: [Errno -2] Name or service not known')': /httpcore/
WARNING: Retrying (Retry(total=1, connect=None, read=None, redirect=None, status=None)) after connection broken by 'NewConnectionError('<pip._vendor.urllib3.connection.HTTPSConnection object at 0x70889fb91e70>: Failed to establish a new connection: [Errno -2] Name or service not known')': /httpcore/
WARNING: Retrying (Retry(total=0, connect=None, read=None, redirect=None, status=None)) after connection broken by 'NewConnectionError('<pip._vendor.urllib3.connection.HTTPSConnection object at 0x70889fb92020>: Failed to establish a new connection: [Errno -2] Name or service not known')': /httpcore/
WARNING: Retrying (Retry(total=4, connect=None, read=None, redirect=None, status=None)) after connection broken by 'NewConnectionError('<pip._vendor.urllib3.connection.HTTPSConnection object at 0x70889fb93e20>: Failed to establish a new connection: [Errno -2] Name or service not known')': /h11/
WARNING: Retrying (Retry(total=3, connect=None, read=None, redirect=None, status=None)) after connection broken by 'NewConnectionError('<pip._vendor.urllib3.connection.HTTPSConnection object at 0x70889fbadcf0>: Failed to establish a new connection: [Errno -2] Name or service not known')': /h11/
WARNING: Retrying (Retry(total=2, connect=None, read=None, redirect=None, status=None)) after connection broken by 'NewConnectionError('<pip._vendor.urllib3.connection.HTTPSConnection object at 0x70889fbadea0>: Failed to establish a new connection: [Errno -2] Name or service not known')': /h11/
WARNING: Retrying (Retry(total=1, connect=None, read=None, redirect=None, status=None)) after connection broken by 'NewConnectionError('<pip._vendor.urllib3.connection.HTTPSConnection object at 0x70889fbade10>: Failed to establish a new connection: [Errno -2] Name or service not known')': /h11/
WARNING: Retrying (Retry(total=0, connect=None, read=None, redirect=None, status=None)) after connection broken by 'NewConnectionError('<pip._vendor.urllib3.connection.HTTPSConnection object at 0x70889fbae200>: Failed to establish a new connection: [Errno -2] Name or service not known')': /h11/
WARNING: Retrying (Retry(total=4, connect=None, read=None, redirect=None, status=None)) after connection broken by 'NewConnectionError('<pip._vendor.urllib3.connection.HTTPSConnection object at 0x70889fc0a650>: Failed to establish a new connection: [Errno -2] Name or service not known')': /typing-extensions/
WARNING: Retrying (Retry(total=3, connect=None, read=None, redirect=None, status=None)) after connection broken by 'NewConnectionError('<pip._vendor.urllib3.connection.HTTPSConnection object at 0x70889fc0a8c0>: Failed to establish a new connection: [Errno -2] Name or service not known')': /typing-extensions/
WARNING: Retrying (Retry(total=2, connect=None, read=None, redirect=None, status=None)) after connection broken by 'NewConnectionError('<pip._vendor.urllib3.connection.HTTPSConnection object at 0x70889fc0aa70>: Failed to establish a new connection: [Errno -2] Name or service not known')': /typing-extensions/
WARNING: Retrying (Retry(total=1, connect=None, read=None, redirect=None, status=None)) after connection broken by 'NewConnectionError('<pip._vendor.urllib3.connection.HTTPSConnection object at 0x70889fc0ac20>: Failed to establish a new connection: [Errno -2] Name or service not known')': /typing-extensions/
WARNING: Retrying (Retry(total=0, connect=None, read=None, redirect=None, status=None)) after connection broken by 'NewConnectionError('<pip._vendor.urllib3.connection.HTTPSConnection object at 0x70889fc0add0>: Failed to establish a new connection: [Errno -2] Name or service not known')': /typing-extensions/
WARNING: Running pip as the 'root' user can result in broken permissions and conflicting behaviour with the system package manager. It is recommended to use a virtual environment instead: https://pip.pypa.io/warnings/venv

[notice] A new release of pip is available: 23.3.1 -> 26.2.1
[notice] To update, run: python -m pip install --upgrade pip
Traceback (most recent call last):
  File "/netscratch/chandel/mammoth/main.py", line 566, in <module>
    main()
  File "/netscratch/chandel/mammoth/main.py", line 558, in main
    from utils.training import train
  File "/netscratch/chandel/mammoth/utils/training.py", line 17, in <module>
    from datasets import get_dataset
  File "/netscratch/chandel/mammoth/datasets/__init__.py", line 176, in <module>
    importlib.import_module(f'datasets.{file[:-3]}')
  File "/usr/lib/python3.10/importlib/__init__.py", line 126, in import_module
    return _bootstrap._gcd_import(name[level:], package, level)
  File "/netscratch/chandel/mammoth/datasets/seq_dtd.py", line 2, in <module>
    import open_clip
ModuleNotFoundError: No module named 'open_clip'
srun: error: kent: task 0: Exited with exit code 1
