Job 3239442: Running on node(s) kusel
Job 3239442: Started at 2026-08-02 04:36:01+0200
Monitor this job here: http://monitoring.pegasus.kl.dfki.de/d/slurm-job-details/job-details?var-jobid=3239442&from=1785638161000
srun: jobinfo: version v1.0.0
Job 3239442: Running on node(s) kusel
Job 3239442: Started at 2026-08-02 04:36:01+0200
Monitor this job here: http://monitoring.pegasus.kl.dfki.de/d/slurm-job-details/job-details?var-jobid=3239442&from=1785638161000
WARNING: Running pip as the 'root' user can result in broken permissions and conflicting behaviour with the system package manager. It is recommended to use a virtual environment instead: https://pip.pypa.io/warnings/venv

[notice] A new release of pip is available: 23.3.1 -> 26.2
[notice] To update, run: python -m pip install --upgrade pip
/usr/local/lib/python3.10/dist-packages/open_clip/factory.py:388: UserWarning: These pretrained weights were trained with QuickGELU activation but the model config does not have that enabled. Consider using a model config with a "-quickgelu" suffix or enable with a flag.
  warnings.warn(
Accuracy for 1 task(s): [Domain-IL]: 93.78 %
	Raw accuracy values: Domain-IL [93.78]


Accuracy for 2 task(s): [Domain-IL]: 93.52 %
	Raw accuracy values: Domain-IL [93.62, 93.41000000000001]


Accuracy for 3 task(s): [Domain-IL]: 93.69 %
	Raw accuracy values: Domain-IL [93.32000000000001, 93.35, 94.39]


Accuracy for 4 task(s): [Domain-IL]: 93.35 %
	Raw accuracy values: Domain-IL [92.78999999999999, 92.92, 93.42, 94.27]


Accuracy for 5 task(s): [Domain-IL]: 93.39 %
	Raw accuracy values: Domain-IL [92.47999999999999, 92.38, 93.83, 93.63, 94.65]


Accuracy for 6 task(s): [Domain-IL]: 93.27 %
	Raw accuracy values: Domain-IL [92.11, 92.02, 93.15, 93.26, 94.13, 94.94]


Accuracy for 7 task(s): [Domain-IL]: 93.03 %
	Raw accuracy values: Domain-IL [91.59, 91.38, 92.66, 92.81, 93.61, 94.37, 94.78999999999999]


Accuracy for 8 task(s): [Domain-IL]: 92.86 %
	Raw accuracy values: Domain-IL [91.03, 90.97, 92.23, 92.66, 93.04, 93.71000000000001, 94.26, 95.0]


Accuracy for 9 task(s): [Domain-IL]: 92.8 %
	Raw accuracy values: Domain-IL [90.79, 90.39, 92.15, 92.52, 92.80000000000001, 93.12, 93.81, 94.61, 94.97]


Accuracy for 10 task(s): [Domain-IL]: 92.36 %
	Raw accuracy values: Domain-IL [90.22, 89.45, 91.59, 91.45, 92.46, 92.49000000000001, 93.46, 93.7, 94.17999999999999, 94.63000000000001]


Accuracy for 11 task(s): [Domain-IL]: 92.23 %
	Raw accuracy values: Domain-IL [90.07, 89.1, 90.84, 91.22, 91.92, 92.36999999999999, 92.99, 93.28, 93.84, 94.41000000000001, 94.49]


Accuracy for 12 task(s): [Domain-IL]: 91.91 %
	Raw accuracy values: Domain-IL [89.48, 88.67, 90.22, 90.68, 91.42, 91.64999999999999, 92.66, 92.52, 93.30000000000001, 94.04, 93.97999999999999, 94.28999999999999]


Accuracy for 13 task(s): [Domain-IL]: 91.86 %
	Raw accuracy values: Domain-IL [88.88000000000001, 88.17, 89.64, 90.03, 91.43, 91.71000000000001, 92.2, 92.33, 92.96, 93.74, 93.76, 94.46, 94.92]


Accuracy for 14 task(s): [Domain-IL]: 91.49 %
	Raw accuracy values: Domain-IL [88.47, 87.33999999999999, 88.88000000000001, 89.46, 90.7, 90.71000000000001, 91.75999999999999, 92.19000000000001, 92.58999999999999, 92.71000000000001, 93.64, 93.78, 94.44, 94.21000000000001]


Accuracy for 15 task(s): [Domain-IL]: 91.27 %
	Raw accuracy values: Domain-IL [87.88, 86.13, 88.24, 89.0, 90.21000000000001, 90.10000000000001, 91.0, 91.72, 92.30000000000001, 92.53, 93.15, 93.44, 94.15, 94.08999999999999, 95.09]


Accuracy for 16 task(s): [Domain-IL]: 90.99 %
	Raw accuracy values: Domain-IL [87.57000000000001, 85.31, 87.94, 88.75, 89.72, 90.07, 90.62, 90.69, 90.75999999999999, 91.83, 92.86, 92.77, 93.92, 93.82000000000001, 94.38, 94.78]


Accuracy for 17 task(s): [Domain-IL]: 90.72 %
	Raw accuracy values: Domain-IL [86.76, 85.32, 87.77000000000001, 88.64, 88.42999999999999, 89.17, 89.92999999999999, 90.39, 90.44, 91.51, 92.08, 91.91, 93.57, 93.35, 93.78, 94.81, 94.35]


Accuracy for 18 task(s): [Domain-IL]: 90.54 %
	Raw accuracy values: Domain-IL [86.11999999999999, 84.34, 87.5, 87.99, 87.91, 88.98, 89.11, 90.02, 89.9, 91.14999999999999, 91.64999999999999, 91.97, 92.97, 93.21000000000001, 93.35, 94.24, 94.55, 94.71000000000001]


Accuracy for 19 task(s): [Domain-IL]: 90.13 %
	Raw accuracy values: Domain-IL [85.66, 84.47, 86.79, 86.68, 87.1, 88.2, 88.27000000000001, 88.94, 89.64999999999999, 90.22, 90.84, 90.53, 92.09, 92.77, 93.12, 93.8, 93.97999999999999, 94.33, 95.05]


Accuracy for 20 task(s): [Domain-IL]: 89.87 %
	Raw accuracy values: Domain-IL [84.76, 83.78, 86.58, 85.97, 86.33999999999999, 88.28, 87.83999999999999, 88.34, 88.52, 89.67, 90.52, 89.94, 91.73, 92.51, 92.03, 93.35, 93.31, 94.08999999999999, 94.8, 94.96]


