Job 3239443: Running on node(s) kusel
Job 3239443: Started at 2026-08-02 04:36:02+0200
Monitor this job here: http://monitoring.pegasus.kl.dfki.de/d/slurm-job-details/job-details?var-jobid=3239443&from=1785638162000
srun: jobinfo: version v1.0.0
Job 3239443: Running on node(s) kusel
Job 3239443: Started at 2026-08-02 04:36:02+0200
Monitor this job here: http://monitoring.pegasus.kl.dfki.de/d/slurm-job-details/job-details?var-jobid=3239443&from=1785638162000
WARNING: Running pip as the 'root' user can result in broken permissions and conflicting behaviour with the system package manager. It is recommended to use a virtual environment instead: https://pip.pypa.io/warnings/venv

[notice] A new release of pip is available: 23.3.1 -> 26.2
[notice] To update, run: python -m pip install --upgrade pip
/usr/local/lib/python3.10/dist-packages/open_clip/factory.py:388: UserWarning: These pretrained weights were trained with QuickGELU activation but the model config does not have that enabled. Consider using a model config with a "-quickgelu" suffix or enable with a flag.
  warnings.warn(
Accuracy for 1 task(s): [Domain-IL]: 93.05 %
	Raw accuracy values: Domain-IL [93.05]


Accuracy for 2 task(s): [Domain-IL]: 91.99 %
	Raw accuracy values: Domain-IL [91.06, 92.92]


Accuracy for 3 task(s): [Domain-IL]: 91.65 %
	Raw accuracy values: Domain-IL [90.28, 91.60000000000001, 93.07]


Accuracy for 4 task(s): [Domain-IL]: 91.24 %
	Raw accuracy values: Domain-IL [89.58, 90.48, 91.64, 93.26]


Accuracy for 5 task(s): [Domain-IL]: 91.05 %
	Raw accuracy values: Domain-IL [89.16, 90.02, 90.28, 92.21000000000001, 93.58999999999999]


Accuracy for 6 task(s): [Domain-IL]: 90.45 %
	Raw accuracy values: Domain-IL [88.77000000000001, 88.94999999999999, 88.77000000000001, 91.36999999999999, 91.24, 93.60000000000001]


Accuracy for 7 task(s): [Domain-IL]: 90.04 %
	Raw accuracy values: Domain-IL [88.24, 88.17, 87.45, 90.31, 90.49000000000001, 92.13, 93.52000000000001]


Accuracy for 8 task(s): [Domain-IL]: 89.64 %
	Raw accuracy values: Domain-IL [87.94999999999999, 86.9, 85.85000000000001, 89.79, 89.9, 91.3, 91.47999999999999, 93.93]


Accuracy for 9 task(s): [Domain-IL]: 89.26 %
	Raw accuracy values: Domain-IL [88.16000000000001, 86.66, 85.28999999999999, 88.74, 88.37, 90.14999999999999, 90.03, 92.0, 93.97999999999999]


Accuracy for 10 task(s): [Domain-IL]: 88.83 %
	Raw accuracy values: Domain-IL [87.81, 85.92, 84.17, 87.83999999999999, 87.06, 89.8, 89.27000000000001, 90.79, 91.91, 93.75]


Accuracy for 11 task(s): [Domain-IL]: 88.36 %
	Raw accuracy values: Domain-IL [87.72, 85.31, 82.8, 86.55000000000001, 86.88, 88.26, 87.69, 90.08, 90.64, 92.07, 93.97999999999999]


Accuracy for 12 task(s): [Domain-IL]: 87.8 %
	Raw accuracy values: Domain-IL [87.2, 85.22, 80.47, 85.94000000000001, 85.33, 87.38, 85.98, 88.3, 89.77000000000001, 91.24, 92.82000000000001, 93.97]


Accuracy for 13 task(s): [Domain-IL]: 87.52 %
	Raw accuracy values: Domain-IL [86.15, 84.31, 80.45, 85.3, 84.87, 86.83999999999999, 85.56, 88.23, 89.05999999999999, 89.07000000000001, 91.52, 92.38, 94.03]


Accuracy for 14 task(s): [Domain-IL]: 86.89 %
	Raw accuracy values: Domain-IL [85.79, 83.14, 80.9, 83.94, 84.07, 85.39, 84.45, 86.39, 87.39, 88.06, 90.27, 90.44, 92.31, 93.89]


Accuracy for 15 task(s): [Domain-IL]: 86.15 %
	Raw accuracy values: Domain-IL [85.45, 81.49, 80.38, 82.52000000000001, 82.55, 83.91, 83.56, 85.82, 86.83999999999999, 87.42, 87.76, 88.98, 90.42999999999999, 91.44, 93.71000000000001]


Accuracy for 16 task(s): [Domain-IL]: 85.32 %
	Raw accuracy values: Domain-IL [84.63000000000001, 79.71000000000001, 79.14, 80.97, 80.19, 83.75, 83.58, 84.43, 84.78999999999999, 87.3, 85.81, 86.38, 86.7, 91.05, 92.74, 93.97999999999999]


Accuracy for 17 task(s): [Domain-IL]: 84.34 %
	Raw accuracy values: Domain-IL [84.02, 78.61, 78.25, 79.64, 79.75, 81.87, 82.28999999999999, 83.75, 81.49, 84.92, 82.87, 85.06, 82.78, 90.14999999999999, 91.96, 92.45, 93.89999999999999]


Accuracy for 18 task(s): [Domain-IL]: 84.46 %
	Raw accuracy values: Domain-IL [83.78, 79.34, 78.10000000000001, 80.97999999999999, 79.36999999999999, 81.77, 81.39999999999999, 82.17, 82.89999999999999, 85.07000000000001, 81.56, 84.7, 82.03, 88.79, 90.48, 91.73, 92.25999999999999, 93.89]


Accuracy for 19 task(s): [Domain-IL]: 83.17 %
	Raw accuracy values: Domain-IL [83.41, 77.92, 76.2, 79.02, 79.01, 77.06, 77.85, 81.31, 80.08999999999999, 82.01, 77.88000000000001, 84.07, 82.50999999999999, 86.95, 88.44999999999999, 89.97, 90.09, 92.31, 94.05]


Accuracy for 20 task(s): [Domain-IL]: 82.92 %
	Raw accuracy values: Domain-IL [82.78999999999999, 76.47, 73.97, 79.60000000000001, 79.99000000000001, 76.0, 76.05, 80.05, 80.67, 80.38, 77.01, 82.78999999999999, 81.46, 86.71, 88.05, 88.05, 89.73, 91.29, 93.03, 94.3]


