Job 3239472: Running on node(s) kusel
Job 3239472: Started at 2026-08-02 04:44:01+0200
Monitor this job here: http://monitoring.pegasus.kl.dfki.de/d/slurm-job-details/job-details?var-jobid=3239472&from=1785638641000
srun: jobinfo: version v1.0.0
Job 3239472: Running on node(s) kusel
Job 3239472: Started at 2026-08-02 04:44:01+0200
Monitor this job here: http://monitoring.pegasus.kl.dfki.de/d/slurm-job-details/job-details?var-jobid=3239472&from=1785638641000
WARNING: Running pip as the 'root' user can result in broken permissions and conflicting behaviour with the system package manager. It is recommended to use a virtual environment instead: https://pip.pypa.io/warnings/venv

[notice] A new release of pip is available: 23.3.1 -> 26.2
[notice] To update, run: python -m pip install --upgrade pip
/usr/local/lib/python3.10/dist-packages/open_clip/factory.py:388: UserWarning: These pretrained weights were trained with QuickGELU activation but the model config does not have that enabled. Consider using a model config with a "-quickgelu" suffix or enable with a flag.
  warnings.warn(
Accuracy for 1 task(s): [Domain-IL]: 91.99 %
	Raw accuracy values: Domain-IL [91.99000000000001]


Accuracy for 2 task(s): [Domain-IL]: 87.8 %
	Raw accuracy values: Domain-IL [83.66, 91.93]


Accuracy for 3 task(s): [Domain-IL]: 87.26 %
	Raw accuracy values: Domain-IL [87.57000000000001, 80.58, 93.64]


Accuracy for 4 task(s): [Domain-IL]: 88.38 %
	Raw accuracy values: Domain-IL [88.5, 75.79, 94.39, 94.84]


Accuracy for 5 task(s): [Domain-IL]: 88.49 %
	Raw accuracy values: Domain-IL [93.57, 77.41, 87.75, 89.32, 94.38]


Accuracy for 6 task(s): [Domain-IL]: 81.45 %
	Raw accuracy values: Domain-IL [84.14, 64.71000000000001, 83.71, 83.52000000000001, 79.79, 92.84]


Accuracy for 7 task(s): [Domain-IL]: 83.36 %
	Raw accuracy values: Domain-IL [82.66, 65.19, 90.42999999999999, 88.88000000000001, 76.87, 84.91, 94.57]


Accuracy for 8 task(s): [Domain-IL]: 83.99 %
	Raw accuracy values: Domain-IL [81.69, 63.01, 90.89, 89.22, 75.03, 80.91000000000001, 95.44, 95.71]


Accuracy for 9 task(s): [Domain-IL]: 85.78 %
	Raw accuracy values: Domain-IL [85.76, 62.39, 95.28, 94.48, 75.49, 73.58, 94.11, 94.81, 96.13000000000001]


Accuracy for 10 task(s): [Domain-IL]: 84.73 %
	Raw accuracy values: Domain-IL [78.89, 56.68, 88.62, 86.83999999999999, 69.42, 92.9, 94.22, 93.67999999999999, 90.77, 95.3]


Accuracy for 11 task(s): [Domain-IL]: 87.01 %
	Raw accuracy values: Domain-IL [83.78, 57.06, 94.91000000000001, 94.07, 71.52, 82.87, 95.34, 95.67999999999999, 96.17999999999999, 89.31, 96.36]


Accuracy for 12 task(s): [Domain-IL]: 85.04 %
	Raw accuracy values: Domain-IL [80.93, 92.95, 88.16000000000001, 87.25, 80.34, 68.75, 86.92, 86.82, 89.03999999999999, 76.55, 88.53999999999999, 94.17999999999999]


Accuracy for 13 task(s): [Domain-IL]: 88.14 %
	Raw accuracy values: Domain-IL [87.47, 81.28, 95.82000000000001, 95.28999999999999, 78.33, 71.91, 92.55, 93.32000000000001, 96.28999999999999, 79.59, 95.97, 81.91000000000001, 96.03]


Accuracy for 14 task(s): [Domain-IL]: 86.53 %
	Raw accuracy values: Domain-IL [82.27, 94.35, 90.69, 89.87, 79.88, 65.9, 86.08, 86.58, 90.88000000000001, 73.31, 89.96, 95.41, 90.89, 95.33]


Accuracy for 15 task(s): [Domain-IL]: 86.24 %
	Raw accuracy values: Domain-IL [77.73, 78.23, 87.64, 86.38, 70.50999999999999, 95.16, 89.57000000000001, 88.74, 88.94999999999999, 93.77, 88.91, 82.03, 88.74, 81.78999999999999, 95.41]


Accuracy for 16 task(s): [Domain-IL]: 86.38 %
	Raw accuracy values: Domain-IL [80.12, 95.45, 87.42, 86.50999999999999, 76.32, 80.13, 84.94, 84.88, 87.77000000000001, 81.25, 87.13, 95.28, 87.35000000000001, 95.3, 76.68, 95.53]


Accuracy for 17 task(s): [Domain-IL]: 87.53 %
	Raw accuracy values: Domain-IL [75.61, 85.87, 86.35000000000001, 84.32, 69.35, 95.78999999999999, 90.52, 89.72, 87.42, 95.36, 87.83, 87.26, 87.39, 87.27000000000001, 95.03, 86.63, 96.36]


Accuracy for 18 task(s): [Domain-IL]: 88.93 %
	Raw accuracy values: Domain-IL [76.39, 83.42, 93.16, 91.44, 66.93, 90.85, 95.98, 96.14, 95.26, 93.44, 95.6, 83.97, 94.11, 84.07, 88.06, 83.67999999999999, 91.64, 96.57]


Accuracy for 19 task(s): [Domain-IL]: 85.11 %
	Raw accuracy values: Domain-IL [72.85000000000001, 76.09, 85.82, 84.26, 65.71000000000001, 94.54, 88.56, 88.59, 87.7, 91.42, 87.91, 78.01, 87.14, 78.18, 95.14, 76.38000000000001, 94.1, 89.08, 95.66]


Accuracy for 20 task(s): [Domain-IL]: 87.65 %
	Raw accuracy values: Domain-IL [71.5, 78.89, 87.37, 85.03, 63.49, 95.76, 95.46, 94.78999999999999, 90.73, 96.5, 91.81, 80.44, 88.91, 80.28999999999999, 95.07, 79.7, 96.21, 94.78, 89.51, 96.66]


