Job 3239522: Running on node(s) kusel
Job 3239522: Started at 2026-08-02 05:00:32+0200
Monitor this job here: http://monitoring.pegasus.kl.dfki.de/d/slurm-job-details/job-details?var-jobid=3239522&from=1785639632000
srun: jobinfo: version v1.0.0
Job 3239522: Running on node(s) kusel
Job 3239522: Started at 2026-08-02 05:00:32+0200
Monitor this job here: http://monitoring.pegasus.kl.dfki.de/d/slurm-job-details/job-details?var-jobid=3239522&from=1785639632000
WARNING: Running pip as the 'root' user can result in broken permissions and conflicting behaviour with the system package manager. It is recommended to use a virtual environment instead: https://pip.pypa.io/warnings/venv

[notice] A new release of pip is available: 23.3.1 -> 26.2
[notice] To update, run: python -m pip install --upgrade pip
Warning: You are sending unauthenticated requests to the HF Hub. Please set a HF_TOKEN to enable higher rate limits and faster downloads.
/usr/local/lib/python3.10/dist-packages/open_clip/factory.py:388: UserWarning: These pretrained weights were trained with QuickGELU activation but the model config does not have that enabled. Consider using a model config with a "-quickgelu" suffix or enable with a flag.
  warnings.warn(
Accuracy for 1 task(s): [Domain-IL]: 92.85 %
	Raw accuracy values: Domain-IL [92.85]


Accuracy for 2 task(s): [Domain-IL]: 93.78 %
	Raw accuracy values: Domain-IL [93.7, 93.85]


Accuracy for 3 task(s): [Domain-IL]: 89.55 %
	Raw accuracy values: Domain-IL [88.66000000000001, 87.97, 92.03]


Accuracy for 4 task(s): [Domain-IL]: 85.88 %
	Raw accuracy values: Domain-IL [86.25, 86.29, 77.94, 93.06]


Accuracy for 5 task(s): [Domain-IL]: 87.41 %
	Raw accuracy values: Domain-IL [84.72, 85.26, 91.95, 81.23, 93.89]


Accuracy for 6 task(s): [Domain-IL]: 88.42 %
	Raw accuracy values: Domain-IL [93.76, 91.69, 86.28, 77.7, 86.31, 94.78999999999999]


Accuracy for 7 task(s): [Domain-IL]: 88.07 %
	Raw accuracy values: Domain-IL [93.43, 94.15, 82.28999999999999, 79.58, 82.71, 89.47, 94.83]


Accuracy for 8 task(s): [Domain-IL]: 87.98 %
	Raw accuracy values: Domain-IL [90.0, 90.35, 88.92999999999999, 71.17999999999999, 93.78999999999999, 86.89, 87.79, 94.87]


Accuracy for 9 task(s): [Domain-IL]: 86.6 %
	Raw accuracy values: Domain-IL [90.93, 89.36, 86.85000000000001, 68.96, 87.52, 92.97, 82.56, 85.69, 94.59]


Accuracy for 10 task(s): [Domain-IL]: 89.21 %
	Raw accuracy values: Domain-IL [95.48, 95.50999999999999, 84.82, 72.44, 87.59, 93.69, 93.28, 85.39, 88.03, 95.86]


Accuracy for 11 task(s): [Domain-IL]: 88.46 %
	Raw accuracy values: Domain-IL [94.92, 93.97999999999999, 82.36, 66.78, 85.21, 95.87, 87.44, 83.62, 93.28999999999999, 93.41000000000001, 96.13000000000001]


Accuracy for 12 task(s): [Domain-IL]: 87.98 %
	Raw accuracy values: Domain-IL [92.11, 92.77, 79.46, 81.39999999999999, 82.05, 90.74, 94.07, 78.66, 86.26, 93.2, 89.86, 95.19999999999999]


Accuracy for 13 task(s): [Domain-IL]: 88.86 %
	Raw accuracy values: Domain-IL [90.27, 90.47, 94.6, 72.08, 91.86, 90.35, 88.6, 85.72999999999999, 89.05, 89.97, 89.92, 87.2, 95.12]


Accuracy for 14 task(s): [Domain-IL]: 88.14 %
	Raw accuracy values: Domain-IL [90.18, 89.63, 90.77, 68.89999999999999, 86.72999999999999, 92.15, 86.77, 79.65, 95.24000000000001, 88.55, 93.28, 83.56, 92.72, 95.82000000000001]


Accuracy for 15 task(s): [Domain-IL]: 86.91 %
	Raw accuracy values: Domain-IL [88.42999999999999, 88.34, 84.75, 94.46, 80.25999999999999, 88.92999999999999, 87.55, 70.53, 88.51, 87.75, 88.52, 88.49000000000001, 85.69, 86.75, 94.75]


Accuracy for 16 task(s): [Domain-IL]: 88.23 %
	Raw accuracy values: Domain-IL [88.3, 87.45, 89.25, 86.6, 83.93, 90.44, 84.94, 75.06, 95.05, 86.61, 91.4, 83.8, 91.41, 95.78999999999999, 85.67, 95.91]


Accuracy for 17 task(s): [Domain-IL]: 89.28 %
	Raw accuracy values: Domain-IL [93.96, 94.89999999999999, 85.65, 84.24000000000001, 82.0, 92.16, 95.66, 73.72, 91.36999999999999, 95.19, 90.53, 92.60000000000001, 86.55000000000001, 90.39, 83.24000000000001, 89.57000000000001, 96.0]


Accuracy for 18 task(s): [Domain-IL]: 89.58 %
	Raw accuracy values: Domain-IL [89.8, 90.66, 94.78, 79.99000000000001, 90.5, 89.0, 89.53999999999999, 82.87, 92.13, 90.4, 89.09, 86.22999999999999, 95.94, 93.4, 78.56, 93.75, 89.78, 96.09]


Accuracy for 19 task(s): [Domain-IL]: 89.12 %
	Raw accuracy values: Domain-IL [88.17, 89.91, 89.12, 88.77000000000001, 84.35000000000001, 85.96000000000001, 94.0, 74.68, 89.25, 90.59, 85.81, 95.52000000000001, 90.8, 89.45, 87.36, 89.36, 93.44, 90.74, 95.93]


Accuracy for 20 task(s): [Domain-IL]: 90.11 %
	Raw accuracy values: Domain-IL [95.82000000000001, 95.39999999999999, 87.66000000000001, 81.36, 83.63000000000001, 95.96000000000001, 93.13, 76.97, 92.73, 94.71000000000001, 95.3, 90.8, 89.18, 90.71000000000001, 80.19, 89.46, 93.28999999999999, 89.36, 90.07, 96.45]


