Job 3410269: Running on node(s) kusel
Job 3410269: Started at 2026-09-17 14:48:57+0200
Monitor this job here: http://monitoring.pegasus.kl.dfki.de/d/slurm-job-details/job-details?var-jobid=3410269&from=1789649337000
srun: jobinfo: version v1.0.0
Job 3410269: Running on node(s) kusel
Job 3410269: Started at 2026-09-17 14:48:57+0200
Monitor this job here: http://monitoring.pegasus.kl.dfki.de/d/slurm-job-details/job-details?var-jobid=3410269&from=1789649337000
WARNING: Retrying (Retry(total=4, connect=None, read=None, redirect=None, status=None)) after connection broken by 'NewConnectionError('<pip._vendor.urllib3.connection.HTTPSConnection object at 0x7ff7fa8e51e0>: Failed to establish a new connection: [Errno -2] Name or service not known')': /quadprog/
WARNING: Retrying (Retry(total=3, connect=None, read=None, redirect=None, status=None)) after connection broken by 'NewConnectionError('<pip._vendor.urllib3.connection.HTTPSConnection object at 0x7ff7fa8e52d0>: Failed to establish a new connection: [Errno -2] Name or service not known')': /quadprog/
WARNING: Retrying (Retry(total=2, connect=None, read=None, redirect=None, status=None)) after connection broken by 'NewConnectionError('<pip._vendor.urllib3.connection.HTTPSConnection object at 0x7ff7fa8e58d0>: Failed to establish a new connection: [Errno -2] Name or service not known')': /quadprog/
WARNING: Retrying (Retry(total=1, connect=None, read=None, redirect=None, status=None)) after connection broken by 'NewConnectionError('<pip._vendor.urllib3.connection.HTTPSConnection object at 0x7ff7fa8e5a80>: Failed to establish a new connection: [Errno -2] Name or service not known')': /quadprog/
WARNING: Retrying (Retry(total=0, connect=None, read=None, redirect=None, status=None)) after connection broken by 'NewConnectionError('<pip._vendor.urllib3.connection.HTTPSConnection object at 0x7ff7fa8e5c30>: Failed to establish a new connection: [Errno -2] Name or service not known')': /quadprog/
WARNING: Retrying (Retry(total=4, connect=None, read=None, redirect=None, status=None)) after connection broken by 'NewConnectionError('<pip._vendor.urllib3.connection.HTTPSConnection object at 0x7ff7fa72fa90>: Failed to establish a new connection: [Errno -2] Name or service not known')': /kornia/
WARNING: Retrying (Retry(total=3, connect=None, read=None, redirect=None, status=None)) after connection broken by 'NewConnectionError('<pip._vendor.urllib3.connection.HTTPSConnection object at 0x7ff7fa72fe50>: Failed to establish a new connection: [Errno -2] Name or service not known')': /kornia/
WARNING: Retrying (Retry(total=2, connect=None, read=None, redirect=None, status=None)) after connection broken by 'NewConnectionError('<pip._vendor.urllib3.connection.HTTPSConnection object at 0x7ff7fa72fe80>: Failed to establish a new connection: [Errno -2] Name or service not known')': /kornia/
WARNING: Retrying (Retry(total=1, connect=None, read=None, redirect=None, status=None)) after connection broken by 'NewConnectionError('<pip._vendor.urllib3.connection.HTTPSConnection object at 0x7ff7fa72ff40>: Failed to establish a new connection: [Errno -2] Name or service not known')': /kornia/
WARNING: Retrying (Retry(total=0, connect=None, read=None, redirect=None, status=None)) after connection broken by 'NewConnectionError('<pip._vendor.urllib3.connection.HTTPSConnection object at 0x7ff7fa7503a0>: Failed to establish a new connection: [Errno -2] Name or service not known')': /kornia/
WARNING: Retrying (Retry(total=4, connect=None, read=None, redirect=None, status=None)) after connection broken by 'NewConnectionError('<pip._vendor.urllib3.connection.HTTPSConnection object at 0x7ff7fa7c5660>: Failed to establish a new connection: [Errno -2] Name or service not known')': /timm/
WARNING: Retrying (Retry(total=3, connect=None, read=None, redirect=None, status=None)) after connection broken by 'NewConnectionError('<pip._vendor.urllib3.connection.HTTPSConnection object at 0x7ff7fa7c5ae0>: Failed to establish a new connection: [Errno -2] Name or service not known')': /timm/
WARNING: Retrying (Retry(total=2, connect=None, read=None, redirect=None, status=None)) after connection broken by 'NewConnectionError('<pip._vendor.urllib3.connection.HTTPSConnection object at 0x7ff7fa7c5c90>: Failed to establish a new connection: [Errno -2] Name or service not known')': /timm/
WARNING: Retrying (Retry(total=1, connect=None, read=None, redirect=None, status=None)) after connection broken by 'NewConnectionError('<pip._vendor.urllib3.connection.HTTPSConnection object at 0x7ff7fa7c5e40>: Failed to establish a new connection: [Errno -2] Name or service not known')': /timm/
WARNING: Retrying (Retry(total=0, connect=None, read=None, redirect=None, status=None)) after connection broken by 'NewConnectionError('<pip._vendor.urllib3.connection.HTTPSConnection object at 0x7ff7fa7c5ff0>: Failed to establish a new connection: [Errno -2] Name or service not known')': /timm/
WARNING: Retrying (Retry(total=4, connect=None, read=None, redirect=None, status=None)) after connection broken by 'NewConnectionError('<pip._vendor.urllib3.connection.HTTPSConnection object at 0x7ff7fa7c6980>: Failed to establish a new connection: [Errno -2] Name or service not known')': /onedrivedownloader/
WARNING: Retrying (Retry(total=3, connect=None, read=None, redirect=None, status=None)) after connection broken by 'NewConnectionError('<pip._vendor.urllib3.connection.HTTPSConnection object at 0x7ff7fa7c74c0>: Failed to establish a new connection: [Errno -2] Name or service not known')': /onedrivedownloader/
WARNING: Retrying (Retry(total=2, connect=None, read=None, redirect=None, status=None)) after connection broken by 'NewConnectionError('<pip._vendor.urllib3.connection.HTTPSConnection object at 0x7ff7fa7c77f0>: Failed to establish a new connection: [Errno -2] Name or service not known')': /onedrivedownloader/
WARNING: Retrying (Retry(total=1, connect=None, read=None, redirect=None, status=None)) after connection broken by 'NewConnectionError('<pip._vendor.urllib3.connection.HTTPSConnection object at 0x7ff7fa7c79a0>: Failed to establish a new connection: [Errno -2] Name or service not known')': /onedrivedownloader/
WARNING: Retrying (Retry(total=0, connect=None, read=None, redirect=None, status=None)) after connection broken by 'NewConnectionError('<pip._vendor.urllib3.connection.HTTPSConnection object at 0x7ff7fa7c7b50>: Failed to establish a new connection: [Errno -2] Name or service not known')': /onedrivedownloader/
WARNING: Retrying (Retry(total=4, connect=None, read=None, redirect=None, status=None)) after connection broken by 'NewConnectionError('<pip._vendor.urllib3.connection.HTTPSConnection object at 0x7ff7fa7ef280>: Failed to establish a new connection: [Errno -2] Name or service not known')': /ftfy/
WARNING: Retrying (Retry(total=3, connect=None, read=None, redirect=None, status=None)) after connection broken by 'NewConnectionError('<pip._vendor.urllib3.connection.HTTPSConnection object at 0x7ff7fa7ef700>: Failed to establish a new connection: [Errno -2] Name or service not known')': /ftfy/
WARNING: Retrying (Retry(total=2, connect=None, read=None, redirect=None, status=None)) after connection broken by 'NewConnectionError('<pip._vendor.urllib3.connection.HTTPSConnection object at 0x7ff7fa7ef8b0>: Failed to establish a new connection: [Errno -2] Name or service not known')': /ftfy/
WARNING: Retrying (Retry(total=1, connect=None, read=None, redirect=None, status=None)) after connection broken by 'NewConnectionError('<pip._vendor.urllib3.connection.HTTPSConnection object at 0x7ff7fa7efa60>: Failed to establish a new connection: [Errno -2] Name or service not known')': /ftfy/
WARNING: Retrying (Retry(total=0, connect=None, read=None, redirect=None, status=None)) after connection broken by 'NewConnectionError('<pip._vendor.urllib3.connection.HTTPSConnection object at 0x7ff7fa7efc10>: Failed to establish a new connection: [Errno -2] Name or service not known')': /ftfy/
WARNING: Retrying (Retry(total=4, connect=None, read=None, redirect=None, status=None)) after connection broken by 'NewConnectionError('<pip._vendor.urllib3.connection.HTTPSConnection object at 0x7ff7fa644070>: Failed to establish a new connection: [Errno -2] Name or service not known')': /huggingface-hub/
WARNING: Retrying (Retry(total=3, connect=None, read=None, redirect=None, status=None)) after connection broken by 'NewConnectionError('<pip._vendor.urllib3.connection.HTTPSConnection object at 0x7ff7fa6442e0>: Failed to establish a new connection: [Errno -2] Name or service not known')': /huggingface-hub/
WARNING: Retrying (Retry(total=2, connect=None, read=None, redirect=None, status=None)) after connection broken by 'NewConnectionError('<pip._vendor.urllib3.connection.HTTPSConnection object at 0x7ff7fa644490>: Failed to establish a new connection: [Errno -2] Name or service not known')': /huggingface-hub/
WARNING: Retrying (Retry(total=1, connect=None, read=None, redirect=None, status=None)) after connection broken by 'NewConnectionError('<pip._vendor.urllib3.connection.HTTPSConnection object at 0x7ff7fa644640>: Failed to establish a new connection: [Errno -2] Name or service not known')': /huggingface-hub/
WARNING: Retrying (Retry(total=0, connect=None, read=None, redirect=None, status=None)) after connection broken by 'NewConnectionError('<pip._vendor.urllib3.connection.HTTPSConnection object at 0x7ff7fa6447f0>: Failed to establish a new connection: [Errno -2] Name or service not known')': /huggingface-hub/
WARNING: Retrying (Retry(total=4, connect=None, read=None, redirect=None, status=None)) after connection broken by 'NewConnectionError('<pip._vendor.urllib3.connection.HTTPSConnection object at 0x7ff7f9bf39a0>: Failed to establish a new connection: [Errno -2] Name or service not known')': /safetensors/
WARNING: Retrying (Retry(total=3, connect=None, read=None, redirect=None, status=None)) after connection broken by 'NewConnectionError('<pip._vendor.urllib3.connection.HTTPSConnection object at 0x7ff7f9bf3e20>: Failed to establish a new connection: [Errno -2] Name or service not known')': /safetensors/
WARNING: Retrying (Retry(total=2, connect=None, read=None, redirect=None, status=None)) after connection broken by 'NewConnectionError('<pip._vendor.urllib3.connection.HTTPSConnection object at 0x7ff7f9bf3fd0>: Failed to establish a new connection: [Errno -2] Name or service not known')': /safetensors/
WARNING: Retrying (Retry(total=1, connect=None, read=None, redirect=None, status=None)) after connection broken by 'NewConnectionError('<pip._vendor.urllib3.connection.HTTPSConnection object at 0x7ff7f9bf3f10>: Failed to establish a new connection: [Errno -2] Name or service not known')': /safetensors/
WARNING: Retrying (Retry(total=0, connect=None, read=None, redirect=None, status=None)) after connection broken by 'NewConnectionError('<pip._vendor.urllib3.connection.HTTPSConnection object at 0x7ff7fa10c370>: Failed to establish a new connection: [Errno -2] Name or service not known')': /safetensors/
WARNING: Retrying (Retry(total=4, connect=None, read=None, redirect=None, status=None)) after connection broken by 'NewConnectionError('<pip._vendor.urllib3.connection.HTTPSConnection object at 0x7ff7fa311900>: Failed to establish a new connection: [Errno -2] Name or service not known')': /kornia-rs/
WARNING: Retrying (Retry(total=3, connect=None, read=None, redirect=None, status=None)) after connection broken by 'NewConnectionError('<pip._vendor.urllib3.connection.HTTPSConnection object at 0x7ff7fa311e40>: Failed to establish a new connection: [Errno -2] Name or service not known')': /kornia-rs/
WARNING: Retrying (Retry(total=2, connect=None, read=None, redirect=None, status=None)) after connection broken by 'NewConnectionError('<pip._vendor.urllib3.connection.HTTPSConnection object at 0x7ff7fa311ff0>: Failed to establish a new connection: [Errno -2] Name or service not known')': /kornia-rs/
WARNING: Retrying (Retry(total=1, connect=None, read=None, redirect=None, status=None)) after connection broken by 'NewConnectionError('<pip._vendor.urllib3.connection.HTTPSConnection object at 0x7ff7fa3121a0>: Failed to establish a new connection: [Errno -2] Name or service not known')': /kornia-rs/
WARNING: Retrying (Retry(total=0, connect=None, read=None, redirect=None, status=None)) after connection broken by 'NewConnectionError('<pip._vendor.urllib3.connection.HTTPSConnection object at 0x7ff7fa312350>: Failed to establish a new connection: [Errno -2] Name or service not known')': /kornia-rs/
WARNING: Retrying (Retry(total=4, connect=None, read=None, redirect=None, status=None)) after connection broken by 'NewConnectionError('<pip._vendor.urllib3.connection.HTTPSConnection object at 0x7ff7fa3b2320>: Failed to establish a new connection: [Errno -2] Name or service not known')': /click/
WARNING: Retrying (Retry(total=3, connect=None, read=None, redirect=None, status=None)) after connection broken by 'NewConnectionError('<pip._vendor.urllib3.connection.HTTPSConnection object at 0x7ff7fa3b27a0>: Failed to establish a new connection: [Errno -2] Name or service not known')': /click/
WARNING: Retrying (Retry(total=2, connect=None, read=None, redirect=None, status=None)) after connection broken by 'NewConnectionError('<pip._vendor.urllib3.connection.HTTPSConnection object at 0x7ff7fa3b2950>: Failed to establish a new connection: [Errno -2] Name or service not known')': /click/
WARNING: Retrying (Retry(total=1, connect=None, read=None, redirect=None, status=None)) after connection broken by 'NewConnectionError('<pip._vendor.urllib3.connection.HTTPSConnection object at 0x7ff7fa3b2b00>: Failed to establish a new connection: [Errno -2] Name or service not known')': /click/
WARNING: Retrying (Retry(total=0, connect=None, read=None, redirect=None, status=None)) after connection broken by 'NewConnectionError('<pip._vendor.urllib3.connection.HTTPSConnection object at 0x7ff7fa3b2cb0>: Failed to establish a new connection: [Errno -2] Name or service not known')': /click/
WARNING: Retrying (Retry(total=4, connect=None, read=None, redirect=None, status=None)) after connection broken by 'NewConnectionError('<pip._vendor.urllib3.connection.HTTPSConnection object at 0x7ff7f9ae0670>: Failed to establish a new connection: [Errno -2] Name or service not known')': /hf-xet/
WARNING: Retrying (Retry(total=3, connect=None, read=None, redirect=None, status=None)) after connection broken by 'NewConnectionError('<pip._vendor.urllib3.connection.HTTPSConnection object at 0x7ff7f9ae0a30>: Failed to establish a new connection: [Errno -2] Name or service not known')': /hf-xet/
WARNING: Retrying (Retry(total=2, connect=None, read=None, redirect=None, status=None)) after connection broken by 'NewConnectionError('<pip._vendor.urllib3.connection.HTTPSConnection object at 0x7ff7f9ae0be0>: Failed to establish a new connection: [Errno -2] Name or service not known')': /hf-xet/
WARNING: Retrying (Retry(total=1, connect=None, read=None, redirect=None, status=None)) after connection broken by 'NewConnectionError('<pip._vendor.urllib3.connection.HTTPSConnection object at 0x7ff7f9ae0d90>: Failed to establish a new connection: [Errno -2] Name or service not known')': /hf-xet/
WARNING: Retrying (Retry(total=0, connect=None, read=None, redirect=None, status=None)) after connection broken by 'NewConnectionError('<pip._vendor.urllib3.connection.HTTPSConnection object at 0x7ff7f9ae0f40>: Failed to establish a new connection: [Errno -2] Name or service not known')': /hf-xet/
WARNING: Retrying (Retry(total=4, connect=None, read=None, redirect=None, status=None)) after connection broken by 'NewConnectionError('<pip._vendor.urllib3.connection.HTTPSConnection object at 0x7ff7fa409d80>: Failed to establish a new connection: [Errno -2] Name or service not known')': /httpx/
WARNING: Retrying (Retry(total=3, connect=None, read=None, redirect=None, status=None)) after connection broken by 'NewConnectionError('<pip._vendor.urllib3.connection.HTTPSConnection object at 0x7ff7fa40a200>: Failed to establish a new connection: [Errno -2] Name or service not known')': /httpx/
WARNING: Retrying (Retry(total=2, connect=None, read=None, redirect=None, status=None)) after connection broken by 'NewConnectionError('<pip._vendor.urllib3.connection.HTTPSConnection object at 0x7ff7fa40a3b0>: Failed to establish a new connection: [Errno -2] Name or service not known')': /httpx/
WARNING: Retrying (Retry(total=1, connect=None, read=None, redirect=None, status=None)) after connection broken by 'NewConnectionError('<pip._vendor.urllib3.connection.HTTPSConnection object at 0x7ff7fa40a560>: Failed to establish a new connection: [Errno -2] Name or service not known')': /httpx/
WARNING: Retrying (Retry(total=0, connect=None, read=None, redirect=None, status=None)) after connection broken by 'NewConnectionError('<pip._vendor.urllib3.connection.HTTPSConnection object at 0x7ff7fa40a710>: Failed to establish a new connection: [Errno -2] Name or service not known')': /httpx/
WARNING: Retrying (Retry(total=4, connect=None, read=None, redirect=None, status=None)) after connection broken by 'NewConnectionError('<pip._vendor.urllib3.connection.HTTPSConnection object at 0x7ff7f9930c40>: Failed to establish a new connection: [Errno -2] Name or service not known')': /anyio/
WARNING: Retrying (Retry(total=3, connect=None, read=None, redirect=None, status=None)) after connection broken by 'NewConnectionError('<pip._vendor.urllib3.connection.HTTPSConnection object at 0x7ff7f99310c0>: Failed to establish a new connection: [Errno -2] Name or service not known')': /anyio/
WARNING: Retrying (Retry(total=2, connect=None, read=None, redirect=None, status=None)) after connection broken by 'NewConnectionError('<pip._vendor.urllib3.connection.HTTPSConnection object at 0x7ff7f9931270>: Failed to establish a new connection: [Errno -2] Name or service not known')': /anyio/
WARNING: Retrying (Retry(total=1, connect=None, read=None, redirect=None, status=None)) after connection broken by 'NewConnectionError('<pip._vendor.urllib3.connection.HTTPSConnection object at 0x7ff7f9931420>: Failed to establish a new connection: [Errno -2] Name or service not known')': /anyio/
WARNING: Retrying (Retry(total=0, connect=None, read=None, redirect=None, status=None)) after connection broken by 'NewConnectionError('<pip._vendor.urllib3.connection.HTTPSConnection object at 0x7ff7f99315d0>: Failed to establish a new connection: [Errno -2] Name or service not known')': /anyio/
WARNING: Retrying (Retry(total=4, connect=None, read=None, redirect=None, status=None)) after connection broken by 'NewConnectionError('<pip._vendor.urllib3.connection.HTTPSConnection object at 0x7ff7f99671f0>: Failed to establish a new connection: [Errno -2] Name or service not known')': /httpcore/
WARNING: Retrying (Retry(total=3, connect=None, read=None, redirect=None, status=None)) after connection broken by 'NewConnectionError('<pip._vendor.urllib3.connection.HTTPSConnection object at 0x7ff7f9967670>: Failed to establish a new connection: [Errno -2] Name or service not known')': /httpcore/
WARNING: Retrying (Retry(total=2, connect=None, read=None, redirect=None, status=None)) after connection broken by 'NewConnectionError('<pip._vendor.urllib3.connection.HTTPSConnection object at 0x7ff7f9967820>: Failed to establish a new connection: [Errno -2] Name or service not known')': /httpcore/
WARNING: Retrying (Retry(total=1, connect=None, read=None, redirect=None, status=None)) after connection broken by 'NewConnectionError('<pip._vendor.urllib3.connection.HTTPSConnection object at 0x7ff7f99679d0>: Failed to establish a new connection: [Errno -2] Name or service not known')': /httpcore/
WARNING: Retrying (Retry(total=0, connect=None, read=None, redirect=None, status=None)) after connection broken by 'NewConnectionError('<pip._vendor.urllib3.connection.HTTPSConnection object at 0x7ff7f9967b80>: Failed to establish a new connection: [Errno -2] Name or service not known')': /httpcore/
WARNING: Retrying (Retry(total=4, connect=None, read=None, redirect=None, status=None)) after connection broken by 'NewConnectionError('<pip._vendor.urllib3.connection.HTTPSConnection object at 0x7ff7f99418a0>: Failed to establish a new connection: [Errno -2] Name or service not known')': /h11/
WARNING: Retrying (Retry(total=3, connect=None, read=None, redirect=None, status=None)) after connection broken by 'NewConnectionError('<pip._vendor.urllib3.connection.HTTPSConnection object at 0x7ff7f9943820>: Failed to establish a new connection: [Errno -2] Name or service not known')': /h11/
WARNING: Retrying (Retry(total=2, connect=None, read=None, redirect=None, status=None)) after connection broken by 'NewConnectionError('<pip._vendor.urllib3.connection.HTTPSConnection object at 0x7ff7f99439d0>: Failed to establish a new connection: [Errno -2] Name or service not known')': /h11/
WARNING: Retrying (Retry(total=1, connect=None, read=None, redirect=None, status=None)) after connection broken by 'NewConnectionError('<pip._vendor.urllib3.connection.HTTPSConnection object at 0x7ff7f9943b80>: Failed to establish a new connection: [Errno -2] Name or service not known')': /h11/
WARNING: Retrying (Retry(total=0, connect=None, read=None, redirect=None, status=None)) after connection broken by 'NewConnectionError('<pip._vendor.urllib3.connection.HTTPSConnection object at 0x7ff7f9943d30>: Failed to establish a new connection: [Errno -2] Name or service not known')': /h11/
WARNING: Retrying (Retry(total=4, connect=None, read=None, redirect=None, status=None)) after connection broken by 'NewConnectionError('<pip._vendor.urllib3.connection.HTTPSConnection object at 0x7ff7f9810790>: Failed to establish a new connection: [Errno -2] Name or service not known')': /typing-extensions/
WARNING: Retrying (Retry(total=3, connect=None, read=None, redirect=None, status=None)) after connection broken by 'NewConnectionError('<pip._vendor.urllib3.connection.HTTPSConnection object at 0x7ff7f9810a00>: Failed to establish a new connection: [Errno -2] Name or service not known')': /typing-extensions/
WARNING: Retrying (Retry(total=2, connect=None, read=None, redirect=None, status=None)) after connection broken by 'NewConnectionError('<pip._vendor.urllib3.connection.HTTPSConnection object at 0x7ff7f9810bb0>: Failed to establish a new connection: [Errno -2] Name or service not known')': /typing-extensions/
WARNING: Retrying (Retry(total=1, connect=None, read=None, redirect=None, status=None)) after connection broken by 'NewConnectionError('<pip._vendor.urllib3.connection.HTTPSConnection object at 0x7ff7f9810d60>: Failed to establish a new connection: [Errno -2] Name or service not known')': /typing-extensions/
WARNING: Retrying (Retry(total=0, connect=None, read=None, redirect=None, status=None)) after connection broken by 'NewConnectionError('<pip._vendor.urllib3.connection.HTTPSConnection object at 0x7ff7f9810f10>: Failed to establish a new connection: [Errno -2] Name or service not known')': /typing-extensions/
WARNING: Running pip as the 'root' user can result in broken permissions and conflicting behaviour with the system package manager. It is recommended to use a virtual environment instead: https://pip.pypa.io/warnings/venv

[notice] A new release of pip is available: 23.3.1 -> 26.2.1
[notice] To update, run: python -m pip install --upgrade pip
Traceback (most recent call last):
  File "/netscratch/chandel/mammoth/main.py", line 566, in <module>
    main()
  File "/netscratch/chandel/mammoth/main.py", line 558, in main
    from utils.training import train
  File "/netscratch/chandel/mammoth/utils/training.py", line 17, in <module>
    from datasets import get_dataset
  File "/netscratch/chandel/mammoth/datasets/__init__.py", line 176, in <module>
    importlib.import_module(f'datasets.{file[:-3]}')
  File "/usr/lib/python3.10/importlib/__init__.py", line 126, in import_module
    return _bootstrap._gcd_import(name[level:], package, level)
  File "/netscratch/chandel/mammoth/datasets/seq_dtd.py", line 2, in <module>
    import open_clip
ModuleNotFoundError: No module named 'open_clip'
srun: error: kusel: task 0: Exited with exit code 1
