Job 3239525: Running on node(s) kusel
Job 3239525: Started at 2026-08-02 05:01:02+0200
Monitor this job here: http://monitoring.pegasus.kl.dfki.de/d/slurm-job-details/job-details?var-jobid=3239525&from=1785639662000
srun: jobinfo: version v1.0.0
Job 3239525: Running on node(s) kusel
Job 3239525: Started at 2026-08-02 05:01:02+0200
Monitor this job here: http://monitoring.pegasus.kl.dfki.de/d/slurm-job-details/job-details?var-jobid=3239525&from=1785639662000
WARNING: Running pip as the 'root' user can result in broken permissions and conflicting behaviour with the system package manager. It is recommended to use a virtual environment instead: https://pip.pypa.io/warnings/venv

[notice] A new release of pip is available: 23.3.1 -> 26.2
[notice] To update, run: python -m pip install --upgrade pip
Warning: You are sending unauthenticated requests to the HF Hub. Please set a HF_TOKEN to enable higher rate limits and faster downloads.
/usr/local/lib/python3.10/dist-packages/open_clip/factory.py:388: UserWarning: These pretrained weights were trained with QuickGELU activation but the model config does not have that enabled. Consider using a model config with a "-quickgelu" suffix or enable with a flag.
  warnings.warn(
Accuracy for 1 task(s): [Domain-IL]: 93.03 %
	Raw accuracy values: Domain-IL [93.03]


Accuracy for 2 task(s): [Domain-IL]: 91.52 %
	Raw accuracy values: Domain-IL [88.92, 94.13]


Accuracy for 3 task(s): [Domain-IL]: 91.18 %
	Raw accuracy values: Domain-IL [93.12, 85.41, 95.0]


Accuracy for 4 task(s): [Domain-IL]: 92.68 %
	Raw accuracy values: Domain-IL [91.12, 95.09, 89.03999999999999, 95.45]


Accuracy for 5 task(s): [Domain-IL]: 93.69 %
	Raw accuracy values: Domain-IL [95.02000000000001, 94.46, 90.16999999999999, 92.58999999999999, 96.22]


Accuracy for 6 task(s): [Domain-IL]: 93.93 %
	Raw accuracy values: Domain-IL [93.72, 95.89, 87.14, 94.16, 96.04, 96.61]


Accuracy for 7 task(s): [Domain-IL]: 93.91 %
	Raw accuracy values: Domain-IL [91.94, 96.46000000000001, 85.61999999999999, 96.22, 94.51, 96.15, 96.47]


Accuracy for 8 task(s): [Domain-IL]: 91.61 %
	Raw accuracy values: Domain-IL [88.5, 93.97999999999999, 80.89, 95.27, 90.96, 92.84, 95.0, 95.44]


Accuracy for 9 task(s): [Domain-IL]: 92.3 %
	Raw accuracy values: Domain-IL [87.37, 94.64, 80.72, 96.09, 90.58, 92.77, 95.83, 96.13000000000001, 96.59]


Accuracy for 10 task(s): [Domain-IL]: 92.7 %
	Raw accuracy values: Domain-IL [95.67999999999999, 92.34, 94.71000000000001, 92.49000000000001, 94.38, 92.88, 91.79, 87.4, 89.23, 96.05]


Accuracy for 11 task(s): [Domain-IL]: 94.28 %
	Raw accuracy values: Domain-IL [93.10000000000001, 96.82, 87.38, 96.99, 94.38, 95.96000000000001, 97.0, 92.92, 94.74000000000001, 90.57, 97.17]


Accuracy for 12 task(s): [Domain-IL]: 92.1 %
	Raw accuracy values: Domain-IL [94.64, 91.59, 96.28, 91.53999999999999, 93.24, 92.10000000000001, 91.32000000000001, 83.57, 86.64, 96.36, 91.77, 96.2]


Accuracy for 13 task(s): [Domain-IL]: 91.82 %
	Raw accuracy values: Domain-IL [89.38000000000001, 92.24, 87.57000000000001, 93.66, 89.27000000000001, 90.48, 93.45, 95.86, 95.67999999999999, 89.74, 93.07, 87.01, 96.24000000000001]


Accuracy for 14 task(s): [Domain-IL]: 89.15 %
	Raw accuracy values: Domain-IL [89.92, 86.58, 94.37, 87.61, 86.71, 85.39999999999999, 86.72999999999999, 87.3, 88.01, 93.13, 87.08, 95.16, 84.7, 95.46]


Accuracy for 15 task(s): [Domain-IL]: 90.57 %
	Raw accuracy values: Domain-IL [86.58, 89.28, 89.12, 91.19, 85.42999999999999, 86.79, 90.82000000000001, 95.48, 94.67999999999999, 88.94, 90.24, 89.72, 96.17999999999999, 87.85, 96.3]


Accuracy for 16 task(s): [Domain-IL]: 92.12 %
	Raw accuracy values: Domain-IL [95.87, 90.69, 96.12, 90.36, 93.78999999999999, 91.97999999999999, 89.92, 89.24, 89.31, 96.89999999999999, 90.25, 95.99, 88.07000000000001, 91.25, 87.36, 96.89999999999999]


Accuracy for 17 task(s): [Domain-IL]: 93.14 %
	Raw accuracy values: Domain-IL [95.82000000000001, 96.22, 92.55, 95.36, 96.57, 96.77, 95.48, 90.71000000000001, 92.43, 94.75, 95.77, 91.89, 87.6, 84.0, 85.91, 94.75, 96.88]


Accuracy for 18 task(s): [Domain-IL]: 92.49 %
	Raw accuracy values: Domain-IL [97.1, 93.49, 95.28, 92.09, 96.26, 94.91000000000001, 91.89, 86.98, 88.29, 96.96000000000001, 92.75, 94.8, 84.09, 87.52, 82.72, 96.96000000000001, 95.42, 97.37]


Accuracy for 19 task(s): [Domain-IL]: 92.42 %
	Raw accuracy values: Domain-IL [97.17, 94.78999999999999, 93.92, 93.07, 97.28999999999999, 96.24000000000001, 93.06, 85.65, 87.96000000000001, 96.64, 93.76, 92.97999999999999, 81.97, 83.38, 79.97999999999999, 96.64, 96.72, 97.27, 97.53]


Accuracy for 20 task(s): [Domain-IL]: 91.58 %
	Raw accuracy values: Domain-IL [91.71000000000001, 91.14999999999999, 88.87, 91.9, 91.63, 91.03, 91.31, 94.96, 94.03, 91.28, 91.53, 88.27000000000001, 96.21, 80.39, 96.5, 91.28, 90.60000000000001, 91.23, 91.44, 96.34]


