Job 3239441: Running on node(s) kusel
Job 3239441: Started at 2026-08-02 04:36:01+0200
Monitor this job here: http://monitoring.pegasus.kl.dfki.de/d/slurm-job-details/job-details?var-jobid=3239441&from=1785638161000
srun: jobinfo: version v1.0.0
Job 3239441: Running on node(s) kusel
Job 3239441: Started at 2026-08-02 04:36:01+0200
Monitor this job here: http://monitoring.pegasus.kl.dfki.de/d/slurm-job-details/job-details?var-jobid=3239441&from=1785638161000
WARNING: Retrying (Retry(total=4, connect=None, read=None, redirect=None, status=None)) after connection broken by 'ProtocolError('Connection aborted.', RemoteDisconnected('Remote end closed connection without response'))': /index/safetensors/
WARNING: Running pip as the 'root' user can result in broken permissions and conflicting behaviour with the system package manager. It is recommended to use a virtual environment instead: https://pip.pypa.io/warnings/venv

[notice] A new release of pip is available: 23.3.1 -> 26.2
[notice] To update, run: python -m pip install --upgrade pip
/usr/local/lib/python3.10/dist-packages/open_clip/factory.py:388: UserWarning: These pretrained weights were trained with QuickGELU activation but the model config does not have that enabled. Consider using a model config with a "-quickgelu" suffix or enable with a flag.
  warnings.warn(
Accuracy for 1 task(s): [Domain-IL]: 93.31 %
	Raw accuracy values: Domain-IL [93.31]


Accuracy for 2 task(s): [Domain-IL]: 93.18 %
	Raw accuracy values: Domain-IL [92.47999999999999, 93.88]


Accuracy for 3 task(s): [Domain-IL]: 92.75 %
	Raw accuracy values: Domain-IL [90.98, 93.08, 94.17999999999999]


Accuracy for 4 task(s): [Domain-IL]: 92.35 %
	Raw accuracy values: Domain-IL [90.11, 91.92, 92.95, 94.41000000000001]


Accuracy for 5 task(s): [Domain-IL]: 92.34 %
	Raw accuracy values: Domain-IL [89.94, 90.99000000000001, 92.74, 93.47, 94.57]


Accuracy for 6 task(s): [Domain-IL]: 91.48 %
	Raw accuracy values: Domain-IL [88.72, 90.01, 90.4, 92.12, 92.97999999999999, 94.65]


Accuracy for 7 task(s): [Domain-IL]: 90.7 %
	Raw accuracy values: Domain-IL [87.46000000000001, 88.8, 88.89, 90.84, 91.35, 92.97999999999999, 94.56]


Accuracy for 8 task(s): [Domain-IL]: 90.32 %
	Raw accuracy values: Domain-IL [87.14, 87.14, 88.03, 90.03999999999999, 90.55, 91.62, 93.39, 94.66]


Accuracy for 9 task(s): [Domain-IL]: 89.62 %
	Raw accuracy values: Domain-IL [86.24000000000001, 86.55000000000001, 86.2, 88.72, 88.68, 90.93, 92.17999999999999, 93.01, 94.1]


Accuracy for 10 task(s): [Domain-IL]: 89.26 %
	Raw accuracy values: Domain-IL [85.28, 85.08, 84.55, 87.26, 88.27000000000001, 90.62, 91.55, 92.49000000000001, 92.97, 94.56]


Accuracy for 11 task(s): [Domain-IL]: 89.13 %
	Raw accuracy values: Domain-IL [85.00999999999999, 84.83000000000001, 84.00999999999999, 87.2, 86.63, 89.62, 91.23, 91.47, 92.09, 93.61, 94.77]


Accuracy for 12 task(s): [Domain-IL]: 88.83 %
	Raw accuracy values: Domain-IL [84.36, 82.71, 83.78, 86.7, 86.55000000000001, 89.25999999999999, 90.29, 90.06, 90.36999999999999, 92.86, 93.85, 95.14]


Accuracy for 13 task(s): [Domain-IL]: 88.11 %
	Raw accuracy values: Domain-IL [82.75, 82.89, 82.16, 85.21, 84.39999999999999, 87.77000000000001, 89.23, 89.2, 89.48, 90.84, 92.66, 94.1, 94.8]


Accuracy for 14 task(s): [Domain-IL]: 88.07 %
	Raw accuracy values: Domain-IL [83.28999999999999, 82.16, 82.12, 84.21, 84.73, 87.59, 89.23, 88.02, 88.98, 89.38000000000001, 92.13, 92.64, 93.28, 95.16]


Accuracy for 15 task(s): [Domain-IL]: 86.92 %
	Raw accuracy values: Domain-IL [82.24000000000001, 80.87, 81.6, 83.49, 82.67, 85.67, 86.72999999999999, 86.67, 87.03, 88.21, 89.79, 90.52, 91.72, 92.11, 94.5]


Accuracy for 16 task(s): [Domain-IL]: 87.17 %
	Raw accuracy values: Domain-IL [82.92, 81.78999999999999, 81.16, 83.82, 82.52000000000001, 85.36, 87.2, 86.59, 87.26, 86.31, 89.4, 90.03, 91.25999999999999, 91.53999999999999, 92.35, 95.16]


Accuracy for 17 task(s): [Domain-IL]: 86.52 %
	Raw accuracy values: Domain-IL [82.49, 80.53, 79.34, 80.92, 81.49, 85.44, 86.06, 86.38, 86.42, 86.59, 88.23, 88.48, 89.61, 91.12, 91.16, 92.13, 94.45]


Accuracy for 18 task(s): [Domain-IL]: 85.36 %
	Raw accuracy values: Domain-IL [79.74, 79.10000000000001, 77.59, 80.47999999999999, 80.36, 82.74000000000001, 84.05, 84.06, 84.61, 84.8, 87.81, 85.75, 87.92, 89.86, 89.75, 90.28, 93.08, 94.59]


Accuracy for 19 task(s): [Domain-IL]: 84.7 %
	Raw accuracy values: Domain-IL [79.85, 78.01, 76.82, 79.47999999999999, 78.68, 81.31, 84.02, 83.67, 82.73, 82.89, 86.75, 84.43, 87.81, 88.32, 87.86, 88.08, 91.27, 92.78999999999999, 94.47]


Accuracy for 20 task(s): [Domain-IL]: 84.68 %
	Raw accuracy values: Domain-IL [79.25999999999999, 79.0, 77.98, 78.66, 77.8, 80.95, 82.88, 82.47, 81.69, 84.54, 85.55, 83.35000000000001, 87.4, 86.19, 87.87, 89.19, 90.24, 91.35, 92.55, 94.66]


