Job 3239474: Running on node(s) kusel
Job 3239474: Started at 2026-08-02 04:44:01+0200
Monitor this job here: http://monitoring.pegasus.kl.dfki.de/d/slurm-job-details/job-details?var-jobid=3239474&from=1785638641000
srun: jobinfo: version v1.0.0
Job 3239474: Running on node(s) kusel
Job 3239474: Started at 2026-08-02 04:44:02+0200
Monitor this job here: http://monitoring.pegasus.kl.dfki.de/d/slurm-job-details/job-details?var-jobid=3239474&from=1785638642000
WARNING: Running pip as the 'root' user can result in broken permissions and conflicting behaviour with the system package manager. It is recommended to use a virtual environment instead: https://pip.pypa.io/warnings/venv

[notice] A new release of pip is available: 23.3.1 -> 26.2
[notice] To update, run: python -m pip install --upgrade pip
/usr/local/lib/python3.10/dist-packages/open_clip/factory.py:388: UserWarning: These pretrained weights were trained with QuickGELU activation but the model config does not have that enabled. Consider using a model config with a "-quickgelu" suffix or enable with a flag.
  warnings.warn(
Accuracy for 1 task(s): [Domain-IL]: 93.03 %
	Raw accuracy values: Domain-IL [93.03]


Accuracy for 2 task(s): [Domain-IL]: 90.92 %
	Raw accuracy values: Domain-IL [87.49, 94.36]


Accuracy for 3 task(s): [Domain-IL]: 89.09 %
	Raw accuracy values: Domain-IL [81.31, 91.46, 94.49]


Accuracy for 4 task(s): [Domain-IL]: 88.92 %
	Raw accuracy values: Domain-IL [93.05, 86.22, 81.88, 94.53]


Accuracy for 5 task(s): [Domain-IL]: 90.57 %
	Raw accuracy values: Domain-IL [94.99, 86.33999999999999, 79.86999999999999, 95.64, 96.02000000000001]


Accuracy for 6 task(s): [Domain-IL]: 92.37 %
	Raw accuracy values: Domain-IL [93.66, 95.83, 88.22, 89.62, 90.64999999999999, 96.25]


Accuracy for 7 task(s): [Domain-IL]: 85.92 %
	Raw accuracy values: Domain-IL [85.75, 84.72, 74.1, 88.63, 87.81, 85.13, 95.3]


Accuracy for 8 task(s): [Domain-IL]: 86.46 %
	Raw accuracy values: Domain-IL [85.39999999999999, 82.24000000000001, 71.37, 89.67, 88.39, 82.55, 95.93, 96.1]


Accuracy for 9 task(s): [Domain-IL]: 82.97 %
	Raw accuracy values: Domain-IL [79.08, 76.88000000000001, 65.7, 81.86, 80.94, 77.44, 94.89, 94.12, 95.84]


Accuracy for 10 task(s): [Domain-IL]: 77.78 %
	Raw accuracy values: Domain-IL [73.37, 72.31, 59.89, 74.00999999999999, 73.42999999999999, 73.37, 83.86, 81.77, 90.29, 95.48]


Accuracy for 11 task(s): [Domain-IL]: 83.8 %
	Raw accuracy values: Domain-IL [79.19, 93.17999999999999, 94.13, 77.09, 76.49000000000001, 92.17999999999999, 78.89, 78.01, 80.12, 76.62, 95.86]


Accuracy for 12 task(s): [Domain-IL]: 88.29 %
	Raw accuracy values: Domain-IL [94.85, 89.09, 81.57, 95.39999999999999, 95.89999999999999, 89.34, 86.92, 87.38, 82.17999999999999, 75.99000000000001, 85.0, 95.89]


Accuracy for 13 task(s): [Domain-IL]: 87.09 %
	Raw accuracy values: Domain-IL [87.92, 94.39, 94.69, 86.67, 87.24, 93.77, 79.73, 79.85, 77.17, 70.71, 96.19, 87.33999999999999, 96.56]


Accuracy for 14 task(s): [Domain-IL]: 80.88 %
	Raw accuracy values: Domain-IL [76.62, 80.34, 71.67999999999999, 76.97, 77.63, 80.65, 78.86999999999999, 77.81, 85.58, 94.95, 78.19, 77.8, 79.4, 95.77]


Accuracy for 15 task(s): [Domain-IL]: 87.66 %
	Raw accuracy values: Domain-IL [92.88, 95.92, 86.31, 86.6, 89.01, 96.24000000000001, 76.74, 76.84, 78.52, 82.95, 91.58, 89.08, 92.7, 83.00999999999999, 96.52]


Accuracy for 16 task(s): [Domain-IL]: 87.85 %
	Raw accuracy values: Domain-IL [88.53, 86.75, 75.33999999999999, 91.66, 91.28, 87.03999999999999, 95.86, 95.96000000000001, 92.11, 83.45, 81.01, 91.24, 81.97, 79.49000000000001, 87.71, 96.17]


Accuracy for 17 task(s): [Domain-IL]: 86.22 %
	Raw accuracy values: Domain-IL [82.97, 93.39, 95.87, 83.41, 82.97, 92.24, 83.50999999999999, 84.45, 78.9, 72.08, 96.1, 83.03, 96.31, 69.28, 90.42, 84.87, 95.89]


Accuracy for 18 task(s): [Domain-IL]: 78.32 %
	Raw accuracy values: Domain-IL [73.83, 83.88, 93.64, 74.22, 73.26, 82.32000000000001, 70.93, 71.83, 67.82000000000001, 61.11, 91.33, 73.35000000000001, 91.10000000000001, 59.34, 79.77, 72.25, 93.77, 96.06]


Accuracy for 19 task(s): [Domain-IL]: 86.17 %
	Raw accuracy values: Domain-IL [87.29, 96.82, 95.09, 81.75, 83.67, 96.48, 77.45, 78.17, 74.28, 70.76, 96.02000000000001, 83.69, 96.46000000000001, 68.61, 95.3, 78.0, 94.99, 85.64, 96.67]


Accuracy for 20 task(s): [Domain-IL]: 88.03 %
	Raw accuracy values: Domain-IL [90.25999999999999, 89.29, 86.25, 93.94, 93.74, 89.01, 94.6, 95.3, 87.85, 73.22, 87.11, 93.7, 87.76, 68.26, 88.97, 95.61, 86.37, 73.50999999999999, 89.62, 96.17]


