Job 3410810: Running on node(s) kusel
Job 3410810: Started at 2026-09-17 16:45:26+0200
Monitor this job here: http://monitoring.pegasus.kl.dfki.de/d/slurm-job-details/job-details?var-jobid=3410810&from=1789656326000
srun: jobinfo: version v1.0.0
Job 3410810: Running on node(s) kusel
Job 3410810: Started at 2026-09-17 16:45:26+0200
Monitor this job here: http://monitoring.pegasus.kl.dfki.de/d/slurm-job-details/job-details?var-jobid=3410810&from=1789656326000
WARNING: Retrying (Retry(total=4, connect=None, read=None, redirect=None, status=None)) after connection broken by 'NewConnectionError('<pip._vendor.urllib3.connection.HTTPSConnection object at 0x75354196efe0>: Failed to establish a new connection: [Errno -2] Name or service not known')': /kornia/
WARNING: Retrying (Retry(total=3, connect=None, read=None, redirect=None, status=None)) after connection broken by 'NewConnectionError('<pip._vendor.urllib3.connection.HTTPSConnection object at 0x75354196f0d0>: Failed to establish a new connection: [Errno -2] Name or service not known')': /kornia/
WARNING: Retrying (Retry(total=2, connect=None, read=None, redirect=None, status=None)) after connection broken by 'NewConnectionError('<pip._vendor.urllib3.connection.HTTPSConnection object at 0x75354196f6d0>: Failed to establish a new connection: [Errno -2] Name or service not known')': /kornia/
WARNING: Retrying (Retry(total=1, connect=None, read=None, redirect=None, status=None)) after connection broken by 'NewConnectionError('<pip._vendor.urllib3.connection.HTTPSConnection object at 0x75354196f880>: Failed to establish a new connection: [Errno -2] Name or service not known')': /kornia/
WARNING: Retrying (Retry(total=0, connect=None, read=None, redirect=None, status=None)) after connection broken by 'NewConnectionError('<pip._vendor.urllib3.connection.HTTPSConnection object at 0x75354196fa30>: Failed to establish a new connection: [Errno -2] Name or service not known')': /kornia/
WARNING: Retrying (Retry(total=4, connect=None, read=None, redirect=None, status=None)) after connection broken by 'NewConnectionError('<pip._vendor.urllib3.connection.HTTPSConnection object at 0x7535418153f0>: Failed to establish a new connection: [Errno -2] Name or service not known')': /timm/
WARNING: Retrying (Retry(total=3, connect=None, read=None, redirect=None, status=None)) after connection broken by 'NewConnectionError('<pip._vendor.urllib3.connection.HTTPSConnection object at 0x753541815870>: Failed to establish a new connection: [Errno -2] Name or service not known')': /timm/
WARNING: Retrying (Retry(total=2, connect=None, read=None, redirect=None, status=None)) after connection broken by 'NewConnectionError('<pip._vendor.urllib3.connection.HTTPSConnection object at 0x753541815a20>: Failed to establish a new connection: [Errno -2] Name or service not known')': /timm/
WARNING: Retrying (Retry(total=1, connect=None, read=None, redirect=None, status=None)) after connection broken by 'NewConnectionError('<pip._vendor.urllib3.connection.HTTPSConnection object at 0x753541815bd0>: Failed to establish a new connection: [Errno -2] Name or service not known')': /timm/
WARNING: Retrying (Retry(total=0, connect=None, read=None, redirect=None, status=None)) after connection broken by 'NewConnectionError('<pip._vendor.urllib3.connection.HTTPSConnection object at 0x753541815d80>: Failed to establish a new connection: [Errno -2] Name or service not known')': /timm/
WARNING: Retrying (Retry(total=4, connect=None, read=None, redirect=None, status=None)) after connection broken by 'NewConnectionError('<pip._vendor.urllib3.connection.HTTPSConnection object at 0x753541817310>: Failed to establish a new connection: [Errno -2] Name or service not known')': /onedrivedownloader/
WARNING: Retrying (Retry(total=3, connect=None, read=None, redirect=None, status=None)) after connection broken by 'NewConnectionError('<pip._vendor.urllib3.connection.HTTPSConnection object at 0x7535417b8250>: Failed to establish a new connection: [Errno -2] Name or service not known')': /onedrivedownloader/
WARNING: Retrying (Retry(total=2, connect=None, read=None, redirect=None, status=None)) after connection broken by 'NewConnectionError('<pip._vendor.urllib3.connection.HTTPSConnection object at 0x753541817df0>: Failed to establish a new connection: [Errno -2] Name or service not known')': /onedrivedownloader/
WARNING: Retrying (Retry(total=1, connect=None, read=None, redirect=None, status=None)) after connection broken by 'NewConnectionError('<pip._vendor.urllib3.connection.HTTPSConnection object at 0x7535417c01c0>: Failed to establish a new connection: [Errno -2] Name or service not known')': /onedrivedownloader/
WARNING: Retrying (Retry(total=0, connect=None, read=None, redirect=None, status=None)) after connection broken by 'NewConnectionError('<pip._vendor.urllib3.connection.HTTPSConnection object at 0x7535417c0370>: Failed to establish a new connection: [Errno -2] Name or service not known')': /onedrivedownloader/
WARNING: Retrying (Retry(total=4, connect=None, read=None, redirect=None, status=None)) after connection broken by 'NewConnectionError('<pip._vendor.urllib3.connection.HTTPSConnection object at 0x753541833ac0>: Failed to establish a new connection: [Errno -2] Name or service not known')': /ftfy/
WARNING: Retrying (Retry(total=3, connect=None, read=None, redirect=None, status=None)) after connection broken by 'NewConnectionError('<pip._vendor.urllib3.connection.HTTPSConnection object at 0x753541833f40>: Failed to establish a new connection: [Errno -2] Name or service not known')': /ftfy/
WARNING: Retrying (Retry(total=2, connect=None, read=None, redirect=None, status=None)) after connection broken by 'NewConnectionError('<pip._vendor.urllib3.connection.HTTPSConnection object at 0x753541833f70>: Failed to establish a new connection: [Errno -2] Name or service not known')': /ftfy/
WARNING: Retrying (Retry(total=1, connect=None, read=None, redirect=None, status=None)) after connection broken by 'NewConnectionError('<pip._vendor.urllib3.connection.HTTPSConnection object at 0x7535418602e0>: Failed to establish a new connection: [Errno -2] Name or service not known')': /ftfy/
WARNING: Retrying (Retry(total=0, connect=None, read=None, redirect=None, status=None)) after connection broken by 'NewConnectionError('<pip._vendor.urllib3.connection.HTTPSConnection object at 0x753541860490>: Failed to establish a new connection: [Errno -2] Name or service not known')': /ftfy/
WARNING: Retrying (Retry(total=4, connect=None, read=None, redirect=None, status=None)) after connection broken by 'NewConnectionError('<pip._vendor.urllib3.connection.HTTPSConnection object at 0x7535416d4130>: Failed to establish a new connection: [Errno -2] Name or service not known')': /huggingface-hub/
WARNING: Retrying (Retry(total=3, connect=None, read=None, redirect=None, status=None)) after connection broken by 'NewConnectionError('<pip._vendor.urllib3.connection.HTTPSConnection object at 0x7535416d43a0>: Failed to establish a new connection: [Errno -2] Name or service not known')': /huggingface-hub/
WARNING: Retrying (Retry(total=2, connect=None, read=None, redirect=None, status=None)) after connection broken by 'NewConnectionError('<pip._vendor.urllib3.connection.HTTPSConnection object at 0x7535416d4550>: Failed to establish a new connection: [Errno -2] Name or service not known')': /huggingface-hub/
WARNING: Retrying (Retry(total=1, connect=None, read=None, redirect=None, status=None)) after connection broken by 'NewConnectionError('<pip._vendor.urllib3.connection.HTTPSConnection object at 0x7535416d4700>: Failed to establish a new connection: [Errno -2] Name or service not known')': /huggingface-hub/
WARNING: Retrying (Retry(total=0, connect=None, read=None, redirect=None, status=None)) after connection broken by 'NewConnectionError('<pip._vendor.urllib3.connection.HTTPSConnection object at 0x7535416d48b0>: Failed to establish a new connection: [Errno -2] Name or service not known')': /huggingface-hub/
WARNING: Retrying (Retry(total=4, connect=None, read=None, redirect=None, status=None)) after connection broken by 'NewConnectionError('<pip._vendor.urllib3.connection.HTTPSConnection object at 0x753540e37b80>: Failed to establish a new connection: [Errno -2] Name or service not known')': /safetensors/
WARNING: Retrying (Retry(total=3, connect=None, read=None, redirect=None, status=None)) after connection broken by 'NewConnectionError('<pip._vendor.urllib3.connection.HTTPSConnection object at 0x753540e37f40>: Failed to establish a new connection: [Errno -2] Name or service not known')': /safetensors/
WARNING: Retrying (Retry(total=2, connect=None, read=None, redirect=None, status=None)) after connection broken by 'NewConnectionError('<pip._vendor.urllib3.connection.HTTPSConnection object at 0x753540e37f70>: Failed to establish a new connection: [Errno -2] Name or service not known')': /safetensors/
WARNING: Retrying (Retry(total=1, connect=None, read=None, redirect=None, status=None)) after connection broken by 'NewConnectionError('<pip._vendor.urllib3.connection.HTTPSConnection object at 0x7535412502e0>: Failed to establish a new connection: [Errno -2] Name or service not known')': /safetensors/
WARNING: Retrying (Retry(total=0, connect=None, read=None, redirect=None, status=None)) after connection broken by 'NewConnectionError('<pip._vendor.urllib3.connection.HTTPSConnection object at 0x753541250490>: Failed to establish a new connection: [Errno -2] Name or service not known')': /safetensors/
WARNING: Retrying (Retry(total=4, connect=None, read=None, redirect=None, status=None)) after connection broken by 'NewConnectionError('<pip._vendor.urllib3.connection.HTTPSConnection object at 0x753541559b70>: Failed to establish a new connection: [Errno -2] Name or service not known')': /kornia-rs/
WARNING: Retrying (Retry(total=3, connect=None, read=None, redirect=None, status=None)) after connection broken by 'NewConnectionError('<pip._vendor.urllib3.connection.HTTPSConnection object at 0x75354155a020>: Failed to establish a new connection: [Errno -2] Name or service not known')': /kornia-rs/
WARNING: Retrying (Retry(total=2, connect=None, read=None, redirect=None, status=None)) after connection broken by 'NewConnectionError('<pip._vendor.urllib3.connection.HTTPSConnection object at 0x75354155a1d0>: Failed to establish a new connection: [Errno -2] Name or service not known')': /kornia-rs/
WARNING: Retrying (Retry(total=1, connect=None, read=None, redirect=None, status=None)) after connection broken by 'NewConnectionError('<pip._vendor.urllib3.connection.HTTPSConnection object at 0x75354155a380>: Failed to establish a new connection: [Errno -2] Name or service not known')': /kornia-rs/
WARNING: Retrying (Retry(total=0, connect=None, read=None, redirect=None, status=None)) after connection broken by 'NewConnectionError('<pip._vendor.urllib3.connection.HTTPSConnection object at 0x75354155a530>: Failed to establish a new connection: [Errno -2] Name or service not known')': /kornia-rs/
WARNING: Retrying (Retry(total=4, connect=None, read=None, redirect=None, status=None)) after connection broken by 'NewConnectionError('<pip._vendor.urllib3.connection.HTTPSConnection object at 0x753540cc99f0>: Failed to establish a new connection: [Errno -2] Name or service not known')': /click/
WARNING: Retrying (Retry(total=3, connect=None, read=None, redirect=None, status=None)) after connection broken by 'NewConnectionError('<pip._vendor.urllib3.connection.HTTPSConnection object at 0x753540cc9e70>: Failed to establish a new connection: [Errno -2] Name or service not known')': /click/
WARNING: Retrying (Retry(total=2, connect=None, read=None, redirect=None, status=None)) after connection broken by 'NewConnectionError('<pip._vendor.urllib3.connection.HTTPSConnection object at 0x753540cca020>: Failed to establish a new connection: [Errno -2] Name or service not known')': /click/
WARNING: Retrying (Retry(total=1, connect=None, read=None, redirect=None, status=None)) after connection broken by 'NewConnectionError('<pip._vendor.urllib3.connection.HTTPSConnection object at 0x753540cca1d0>: Failed to establish a new connection: [Errno -2] Name or service not known')': /click/
WARNING: Retrying (Retry(total=0, connect=None, read=None, redirect=None, status=None)) after connection broken by 'NewConnectionError('<pip._vendor.urllib3.connection.HTTPSConnection object at 0x753540cca380>: Failed to establish a new connection: [Errno -2] Name or service not known')': /click/
WARNING: Retrying (Retry(total=4, connect=None, read=None, redirect=None, status=None)) after connection broken by 'NewConnectionError('<pip._vendor.urllib3.connection.HTTPSConnection object at 0x753540a97be0>: Failed to establish a new connection: [Errno -2] Name or service not known')': /hf-xet/
WARNING: Retrying (Retry(total=3, connect=None, read=None, redirect=None, status=None)) after connection broken by 'NewConnectionError('<pip._vendor.urllib3.connection.HTTPSConnection object at 0x753540a97ee0>: Failed to establish a new connection: [Errno -2] Name or service not known')': /hf-xet/
WARNING: Retrying (Retry(total=2, connect=None, read=None, redirect=None, status=None)) after connection broken by 'NewConnectionError('<pip._vendor.urllib3.connection.HTTPSConnection object at 0x753540a97fa0>: Failed to establish a new connection: [Errno -2] Name or service not known')': /hf-xet/
WARNING: Retrying (Retry(total=1, connect=None, read=None, redirect=None, status=None)) after connection broken by 'NewConnectionError('<pip._vendor.urllib3.connection.HTTPSConnection object at 0x753540b60400>: Failed to establish a new connection: [Errno -2] Name or service not known')': /hf-xet/
WARNING: Retrying (Retry(total=0, connect=None, read=None, redirect=None, status=None)) after connection broken by 'NewConnectionError('<pip._vendor.urllib3.connection.HTTPSConnection object at 0x753540b605b0>: Failed to establish a new connection: [Errno -2] Name or service not known')': /hf-xet/
WARNING: Retrying (Retry(total=4, connect=None, read=None, redirect=None, status=None)) after connection broken by 'NewConnectionError('<pip._vendor.urllib3.connection.HTTPSConnection object at 0x753540d3d3f0>: Failed to establish a new connection: [Errno -2] Name or service not known')': /httpx/
WARNING: Retrying (Retry(total=3, connect=None, read=None, redirect=None, status=None)) after connection broken by 'NewConnectionError('<pip._vendor.urllib3.connection.HTTPSConnection object at 0x753540d3d870>: Failed to establish a new connection: [Errno -2] Name or service not known')': /httpx/
WARNING: Retrying (Retry(total=2, connect=None, read=None, redirect=None, status=None)) after connection broken by 'NewConnectionError('<pip._vendor.urllib3.connection.HTTPSConnection object at 0x753540d3da20>: Failed to establish a new connection: [Errno -2] Name or service not known')': /httpx/
WARNING: Retrying (Retry(total=1, connect=None, read=None, redirect=None, status=None)) after connection broken by 'NewConnectionError('<pip._vendor.urllib3.connection.HTTPSConnection object at 0x753540d3dbd0>: Failed to establish a new connection: [Errno -2] Name or service not known')': /httpx/
WARNING: Retrying (Retry(total=0, connect=None, read=None, redirect=None, status=None)) after connection broken by 'NewConnectionError('<pip._vendor.urllib3.connection.HTTPSConnection object at 0x753540d3dd80>: Failed to establish a new connection: [Errno -2] Name or service not known')': /httpx/
WARNING: Retrying (Retry(total=4, connect=None, read=None, redirect=None, status=None)) after connection broken by 'NewConnectionError('<pip._vendor.urllib3.connection.HTTPSConnection object at 0x75354096ae00>: Failed to establish a new connection: [Errno -2] Name or service not known')': /anyio/
WARNING: Retrying (Retry(total=3, connect=None, read=None, redirect=None, status=None)) after connection broken by 'NewConnectionError('<pip._vendor.urllib3.connection.HTTPSConnection object at 0x75354096b280>: Failed to establish a new connection: [Errno -2] Name or service not known')': /anyio/
WARNING: Retrying (Retry(total=2, connect=None, read=None, redirect=None, status=None)) after connection broken by 'NewConnectionError('<pip._vendor.urllib3.connection.HTTPSConnection object at 0x75354096b430>: Failed to establish a new connection: [Errno -2] Name or service not known')': /anyio/
WARNING: Retrying (Retry(total=1, connect=None, read=None, redirect=None, status=None)) after connection broken by 'NewConnectionError('<pip._vendor.urllib3.connection.HTTPSConnection object at 0x75354096b5e0>: Failed to establish a new connection: [Errno -2] Name or service not known')': /anyio/
WARNING: Retrying (Retry(total=0, connect=None, read=None, redirect=None, status=None)) after connection broken by 'NewConnectionError('<pip._vendor.urllib3.connection.HTTPSConnection object at 0x75354096b790>: Failed to establish a new connection: [Errno -2] Name or service not known')': /anyio/
WARNING: Retrying (Retry(total=4, connect=None, read=None, redirect=None, status=None)) after connection broken by 'NewConnectionError('<pip._vendor.urllib3.connection.HTTPSConnection object at 0x7535409bd480>: Failed to establish a new connection: [Errno -2] Name or service not known')': /httpcore/
WARNING: Retrying (Retry(total=3, connect=None, read=None, redirect=None, status=None)) after connection broken by 'NewConnectionError('<pip._vendor.urllib3.connection.HTTPSConnection object at 0x7535409bd900>: Failed to establish a new connection: [Errno -2] Name or service not known')': /httpcore/
WARNING: Retrying (Retry(total=2, connect=None, read=None, redirect=None, status=None)) after connection broken by 'NewConnectionError('<pip._vendor.urllib3.connection.HTTPSConnection object at 0x7535409bdab0>: Failed to establish a new connection: [Errno -2] Name or service not known')': /httpcore/
WARNING: Retrying (Retry(total=1, connect=None, read=None, redirect=None, status=None)) after connection broken by 'NewConnectionError('<pip._vendor.urllib3.connection.HTTPSConnection object at 0x7535409bdc60>: Failed to establish a new connection: [Errno -2] Name or service not known')': /httpcore/
WARNING: Retrying (Retry(total=0, connect=None, read=None, redirect=None, status=None)) after connection broken by 'NewConnectionError('<pip._vendor.urllib3.connection.HTTPSConnection object at 0x7535409bde10>: Failed to establish a new connection: [Errno -2] Name or service not known')': /httpcore/
WARNING: Retrying (Retry(total=4, connect=None, read=None, redirect=None, status=None)) after connection broken by 'NewConnectionError('<pip._vendor.urllib3.connection.HTTPSConnection object at 0x7535409bf8e0>: Failed to establish a new connection: [Errno -2] Name or service not known')': /h11/
WARNING: Retrying (Retry(total=3, connect=None, read=None, redirect=None, status=None)) after connection broken by 'NewConnectionError('<pip._vendor.urllib3.connection.HTTPSConnection object at 0x7535409d9a80>: Failed to establish a new connection: [Errno -2] Name or service not known')': /h11/
WARNING: Retrying (Retry(total=2, connect=None, read=None, redirect=None, status=None)) after connection broken by 'NewConnectionError('<pip._vendor.urllib3.connection.HTTPSConnection object at 0x7535409d9c30>: Failed to establish a new connection: [Errno -2] Name or service not known')': /h11/
WARNING: Retrying (Retry(total=1, connect=None, read=None, redirect=None, status=None)) after connection broken by 'NewConnectionError('<pip._vendor.urllib3.connection.HTTPSConnection object at 0x7535409d9de0>: Failed to establish a new connection: [Errno -2] Name or service not known')': /h11/
WARNING: Retrying (Retry(total=0, connect=None, read=None, redirect=None, status=None)) after connection broken by 'NewConnectionError('<pip._vendor.urllib3.connection.HTTPSConnection object at 0x7535409d9f90>: Failed to establish a new connection: [Errno -2] Name or service not known')': /h11/
WARNING: Retrying (Retry(total=4, connect=None, read=None, redirect=None, status=None)) after connection broken by 'NewConnectionError('<pip._vendor.urllib3.connection.HTTPSConnection object at 0x753540a36530>: Failed to establish a new connection: [Errno -2] Name or service not known')': /typing-extensions/
WARNING: Retrying (Retry(total=3, connect=None, read=None, redirect=None, status=None)) after connection broken by 'NewConnectionError('<pip._vendor.urllib3.connection.HTTPSConnection object at 0x753540a367a0>: Failed to establish a new connection: [Errno -2] Name or service not known')': /typing-extensions/
WARNING: Retrying (Retry(total=2, connect=None, read=None, redirect=None, status=None)) after connection broken by 'NewConnectionError('<pip._vendor.urllib3.connection.HTTPSConnection object at 0x753540a36950>: Failed to establish a new connection: [Errno -2] Name or service not known')': /typing-extensions/
WARNING: Retrying (Retry(total=1, connect=None, read=None, redirect=None, status=None)) after connection broken by 'NewConnectionError('<pip._vendor.urllib3.connection.HTTPSConnection object at 0x753540a36b00>: Failed to establish a new connection: [Errno -2] Name or service not known')': /typing-extensions/
WARNING: Retrying (Retry(total=0, connect=None, read=None, redirect=None, status=None)) after connection broken by 'NewConnectionError('<pip._vendor.urllib3.connection.HTTPSConnection object at 0x753540a36cb0>: Failed to establish a new connection: [Errno -2] Name or service not known')': /typing-extensions/
WARNING: Running pip as the 'root' user can result in broken permissions and conflicting behaviour with the system package manager. It is recommended to use a virtual environment instead: https://pip.pypa.io/warnings/venv

[notice] A new release of pip is available: 23.3.1 -> 26.2.1
[notice] To update, run: python -m pip install --upgrade pip
Traceback (most recent call last):
  File "/netscratch/chandel/mammoth/main.py", line 566, in <module>
    main()
  File "/netscratch/chandel/mammoth/main.py", line 558, in main
    from utils.training import train
  File "/netscratch/chandel/mammoth/utils/training.py", line 17, in <module>
    from datasets import get_dataset
  File "/netscratch/chandel/mammoth/datasets/__init__.py", line 176, in <module>
    importlib.import_module(f'datasets.{file[:-3]}')
  File "/usr/lib/python3.10/importlib/__init__.py", line 126, in import_module
    return _bootstrap._gcd_import(name[level:], package, level)
  File "/netscratch/chandel/mammoth/datasets/seq_dtd.py", line 2, in <module>
    import open_clip
ModuleNotFoundError: No module named 'open_clip'
srun: error: kusel: task 0: Exited with exit code 1
