Job 3239477: Running on node(s) kusel
Job 3239477: Started at 2026-08-02 04:49:02+0200
Monitor this job here: http://monitoring.pegasus.kl.dfki.de/d/slurm-job-details/job-details?var-jobid=3239477&from=1785638942000
srun: jobinfo: version v1.0.0
Job 3239477: Running on node(s) kusel
Job 3239477: Started at 2026-08-02 04:49:02+0200
Monitor this job here: http://monitoring.pegasus.kl.dfki.de/d/slurm-job-details/job-details?var-jobid=3239477&from=1785638942000
WARNING: Running pip as the 'root' user can result in broken permissions and conflicting behaviour with the system package manager. It is recommended to use a virtual environment instead: https://pip.pypa.io/warnings/venv

[notice] A new release of pip is available: 23.3.1 -> 26.2
[notice] To update, run: python -m pip install --upgrade pip
Warning: You are sending unauthenticated requests to the HF Hub. Please set a HF_TOKEN to enable higher rate limits and faster downloads.
/usr/local/lib/python3.10/dist-packages/open_clip/factory.py:388: UserWarning: These pretrained weights were trained with QuickGELU activation but the model config does not have that enabled. Consider using a model config with a "-quickgelu" suffix or enable with a flag.
  warnings.warn(
Accuracy for 1 task(s): [Domain-IL]: 90.67 %
	Raw accuracy values: Domain-IL [90.67]


Accuracy for 2 task(s): [Domain-IL]: 88.26 %
	Raw accuracy values: Domain-IL [84.5, 92.01]


Accuracy for 3 task(s): [Domain-IL]: 87.18 %
	Raw accuracy values: Domain-IL [78.57, 89.86, 93.12]


Accuracy for 4 task(s): [Domain-IL]: 88.24 %
	Raw accuracy values: Domain-IL [91.9, 85.69, 81.91000000000001, 93.47]


Accuracy for 5 task(s): [Domain-IL]: 89.37 %
	Raw accuracy values: Domain-IL [93.77, 85.50999999999999, 77.98, 94.81, 94.76]


Accuracy for 6 task(s): [Domain-IL]: 91.13 %
	Raw accuracy values: Domain-IL [92.01, 94.63000000000001, 87.17, 88.42, 89.47, 95.08]


Accuracy for 7 task(s): [Domain-IL]: 84.45 %
	Raw accuracy values: Domain-IL [84.43, 82.6, 71.83, 88.25, 87.39, 82.59, 94.06]


Accuracy for 8 task(s): [Domain-IL]: 84.54 %
	Raw accuracy values: Domain-IL [83.34, 79.2, 68.23, 88.63, 87.13, 78.94, 95.36, 95.46]


Accuracy for 9 task(s): [Domain-IL]: 80.94 %
	Raw accuracy values: Domain-IL [76.16000000000001, 74.09, 63.22, 79.71000000000001, 78.95, 74.26, 93.8, 93.03, 95.27]


Accuracy for 10 task(s): [Domain-IL]: 75.47 %
	Raw accuracy values: Domain-IL [71.09, 68.58999999999999, 54.879999999999995, 71.47, 71.86, 68.94, 82.62, 81.34, 89.16, 94.75]


Accuracy for 11 task(s): [Domain-IL]: 82.32 %
	Raw accuracy values: Domain-IL [77.9, 91.55, 92.97, 75.24, 74.51, 90.24, 77.81, 76.53, 79.06, 74.95, 94.72]


Accuracy for 12 task(s): [Domain-IL]: 86.92 %
	Raw accuracy values: Domain-IL [94.55, 87.36, 79.0, 95.21, 95.49, 87.72, 86.69, 87.06, 80.61, 71.78999999999999, 82.1, 95.49]


Accuracy for 13 task(s): [Domain-IL]: 85.94 %
	Raw accuracy values: Domain-IL [87.87, 93.32000000000001, 93.71000000000001, 86.24000000000001, 86.7, 92.60000000000001, 77.9, 78.42, 75.03, 67.86999999999999, 95.39999999999999, 86.53, 95.57]


Accuracy for 14 task(s): [Domain-IL]: 78.12 %
	Raw accuracy values: Domain-IL [73.52, 75.67, 68.53, 73.66, 74.42, 75.71, 77.53, 76.16000000000001, 83.25, 94.43, 74.8, 74.4, 76.18, 95.45]


Accuracy for 15 task(s): [Domain-IL]: 85.82 %
	Raw accuracy values: Domain-IL [91.51, 95.22, 84.33, 84.35000000000001, 86.72999999999999, 95.67999999999999, 74.19, 73.72, 75.92, 80.83, 90.19, 86.67, 92.0, 80.04, 95.99]


Accuracy for 16 task(s): [Domain-IL]: 86.14 %
	Raw accuracy values: Domain-IL [87.72, 84.87, 71.45, 90.52, 90.06, 85.37, 95.05, 95.56, 91.4, 81.11, 77.58, 90.10000000000001, 78.81, 76.69, 86.32, 95.65]


Accuracy for 17 task(s): [Domain-IL]: 84.7 %
	Raw accuracy values: Domain-IL [82.13000000000001, 91.78, 95.67999999999999, 81.46, 81.26, 90.68, 81.16, 82.64, 77.69, 69.35, 95.48, 81.28, 95.43, 66.47, 89.19, 82.73, 95.49]


Accuracy for 18 task(s): [Domain-IL]: 76.9 %
	Raw accuracy values: Domain-IL [72.63, 82.8, 92.99, 73.04, 72.8, 81.46, 69.14, 70.52000000000001, 65.5, 56.410000000000004, 90.68, 73.00999999999999, 90.29, 54.53, 79.38, 70.65, 92.93, 95.36]


Accuracy for 19 task(s): [Domain-IL]: 84.46 %
	Raw accuracy values: Domain-IL [86.11999999999999, 96.17, 94.57, 80.31, 81.86, 95.94, 73.91, 75.56, 72.06, 65.27, 95.47, 81.97, 95.72, 63.349999999999994, 94.97, 75.58, 94.46, 85.31, 96.19]


Accuracy for 20 task(s): [Domain-IL]: 86.26 %
	Raw accuracy values: Domain-IL [89.75, 87.42999999999999, 84.06, 92.88, 92.53, 87.36, 93.97999999999999, 94.86, 86.29, 68.71000000000001, 85.31, 92.56, 86.02, 63.24999999999999, 87.44, 95.28, 84.0, 69.98, 87.32, 96.11]


