Job 3360710: Running on node(s) kent
Job 3360710: Started at 2026-09-05 22:11:04+0200
Monitor this job here: http://monitoring.pegasus.kl.dfki.de/d/slurm-job-details/job-details?var-jobid=3360710&from=1788639064000
srun: jobinfo: version v1.0.0
Job 3360710: Running on node(s) kent
Job 3360710: Started at 2026-09-05 22:11:04+0200
Monitor this job here: http://monitoring.pegasus.kl.dfki.de/d/slurm-job-details/job-details?var-jobid=3360710&from=1788639064000
WARNING: Retrying (Retry(total=4, connect=None, read=None, redirect=None, status=None)) after connection broken by 'NewConnectionError('<pip._vendor.urllib3.connection.HTTPSConnection object at 0x7cef4b91b040>: Failed to establish a new connection: [Errno -2] Name or service not known')': /kornia/
WARNING: Retrying (Retry(total=3, connect=None, read=None, redirect=None, status=None)) after connection broken by 'NewConnectionError('<pip._vendor.urllib3.connection.HTTPSConnection object at 0x7cef4b91b130>: Failed to establish a new connection: [Errno -2] Name or service not known')': /kornia/
WARNING: Retrying (Retry(total=2, connect=None, read=None, redirect=None, status=None)) after connection broken by 'NewConnectionError('<pip._vendor.urllib3.connection.HTTPSConnection object at 0x7cef4b91b730>: Failed to establish a new connection: [Errno -2] Name or service not known')': /kornia/
WARNING: Retrying (Retry(total=1, connect=None, read=None, redirect=None, status=None)) after connection broken by 'NewConnectionError('<pip._vendor.urllib3.connection.HTTPSConnection object at 0x7cef4b91b8e0>: Failed to establish a new connection: [Errno -2] Name or service not known')': /kornia/
WARNING: Retrying (Retry(total=0, connect=None, read=None, redirect=None, status=None)) after connection broken by 'NewConnectionError('<pip._vendor.urllib3.connection.HTTPSConnection object at 0x7cef4b91ba90>: Failed to establish a new connection: [Errno -2] Name or service not known')': /kornia/
WARNING: Retrying (Retry(total=4, connect=None, read=None, redirect=None, status=None)) after connection broken by 'NewConnectionError('<pip._vendor.urllib3.connection.HTTPSConnection object at 0x7cef4b7bd420>: Failed to establish a new connection: [Errno -2] Name or service not known')': /timm/
WARNING: Retrying (Retry(total=3, connect=None, read=None, redirect=None, status=None)) after connection broken by 'NewConnectionError('<pip._vendor.urllib3.connection.HTTPSConnection object at 0x7cef4b7bd8a0>: Failed to establish a new connection: [Errno -2] Name or service not known')': /timm/
WARNING: Retrying (Retry(total=2, connect=None, read=None, redirect=None, status=None)) after connection broken by 'NewConnectionError('<pip._vendor.urllib3.connection.HTTPSConnection object at 0x7cef4b7bda50>: Failed to establish a new connection: [Errno -2] Name or service not known')': /timm/
WARNING: Retrying (Retry(total=1, connect=None, read=None, redirect=None, status=None)) after connection broken by 'NewConnectionError('<pip._vendor.urllib3.connection.HTTPSConnection object at 0x7cef4b7bdc00>: Failed to establish a new connection: [Errno -2] Name or service not known')': /timm/
WARNING: Retrying (Retry(total=0, connect=None, read=None, redirect=None, status=None)) after connection broken by 'NewConnectionError('<pip._vendor.urllib3.connection.HTTPSConnection object at 0x7cef4b7bddb0>: Failed to establish a new connection: [Errno -2] Name or service not known')': /timm/
WARNING: Retrying (Retry(total=4, connect=None, read=None, redirect=None, status=None)) after connection broken by 'NewConnectionError('<pip._vendor.urllib3.connection.HTTPSConnection object at 0x7cef4b7bf370>: Failed to establish a new connection: [Errno -2] Name or service not known')': /onedrivedownloader/
WARNING: Retrying (Retry(total=3, connect=None, read=None, redirect=None, status=None)) after connection broken by 'NewConnectionError('<pip._vendor.urllib3.connection.HTTPSConnection object at 0x7cef4b7bedd0>: Failed to establish a new connection: [Errno -2] Name or service not known')': /onedrivedownloader/
WARNING: Retrying (Retry(total=2, connect=None, read=None, redirect=None, status=None)) after connection broken by 'NewConnectionError('<pip._vendor.urllib3.connection.HTTPSConnection object at 0x7cef4b75c3d0>: Failed to establish a new connection: [Errno -2] Name or service not known')': /onedrivedownloader/
WARNING: Retrying (Retry(total=1, connect=None, read=None, redirect=None, status=None)) after connection broken by 'NewConnectionError('<pip._vendor.urllib3.connection.HTTPSConnection object at 0x7cef4b7681f0>: Failed to establish a new connection: [Errno -2] Name or service not known')': /onedrivedownloader/
WARNING: Retrying (Retry(total=0, connect=None, read=None, redirect=None, status=None)) after connection broken by 'NewConnectionError('<pip._vendor.urllib3.connection.HTTPSConnection object at 0x7cef4b7683a0>: Failed to establish a new connection: [Errno -2] Name or service not known')': /onedrivedownloader/
WARNING: Retrying (Retry(total=4, connect=None, read=None, redirect=None, status=None)) after connection broken by 'NewConnectionError('<pip._vendor.urllib3.connection.HTTPSConnection object at 0x7cef4b7dfaf0>: Failed to establish a new connection: [Errno -2] Name or service not known')': /ftfy/
WARNING: Retrying (Retry(total=3, connect=None, read=None, redirect=None, status=None)) after connection broken by 'NewConnectionError('<pip._vendor.urllib3.connection.HTTPSConnection object at 0x7cef4b7dff70>: Failed to establish a new connection: [Errno -2] Name or service not known')': /ftfy/
WARNING: Retrying (Retry(total=2, connect=None, read=None, redirect=None, status=None)) after connection broken by 'NewConnectionError('<pip._vendor.urllib3.connection.HTTPSConnection object at 0x7cef4b7dffa0>: Failed to establish a new connection: [Errno -2] Name or service not known')': /ftfy/
WARNING: Retrying (Retry(total=1, connect=None, read=None, redirect=None, status=None)) after connection broken by 'NewConnectionError('<pip._vendor.urllib3.connection.HTTPSConnection object at 0x7cef4b80c310>: Failed to establish a new connection: [Errno -2] Name or service not known')': /ftfy/
WARNING: Retrying (Retry(total=0, connect=None, read=None, redirect=None, status=None)) after connection broken by 'NewConnectionError('<pip._vendor.urllib3.connection.HTTPSConnection object at 0x7cef4b80c4c0>: Failed to establish a new connection: [Errno -2] Name or service not known')': /ftfy/
WARNING: Retrying (Retry(total=4, connect=None, read=None, redirect=None, status=None)) after connection broken by 'NewConnectionError('<pip._vendor.urllib3.connection.HTTPSConnection object at 0x7cef4b66b820>: Failed to establish a new connection: [Errno -2] Name or service not known')': /huggingface-hub/
WARNING: Retrying (Retry(total=3, connect=None, read=None, redirect=None, status=None)) after connection broken by 'NewConnectionError('<pip._vendor.urllib3.connection.HTTPSConnection object at 0x7cef4b66ba90>: Failed to establish a new connection: [Errno -2] Name or service not known')': /huggingface-hub/
WARNING: Retrying (Retry(total=2, connect=None, read=None, redirect=None, status=None)) after connection broken by 'NewConnectionError('<pip._vendor.urllib3.connection.HTTPSConnection object at 0x7cef4b66bc40>: Failed to establish a new connection: [Errno -2] Name or service not known')': /huggingface-hub/
WARNING: Retrying (Retry(total=1, connect=None, read=None, redirect=None, status=None)) after connection broken by 'NewConnectionError('<pip._vendor.urllib3.connection.HTTPSConnection object at 0x7cef4b66bdf0>: Failed to establish a new connection: [Errno -2] Name or service not known')': /huggingface-hub/
WARNING: Retrying (Retry(total=0, connect=None, read=None, redirect=None, status=None)) after connection broken by 'NewConnectionError('<pip._vendor.urllib3.connection.HTTPSConnection object at 0x7cef4b66bfd0>: Failed to establish a new connection: [Errno -2] Name or service not known')': /huggingface-hub/
WARNING: Retrying (Retry(total=4, connect=None, read=None, redirect=None, status=None)) after connection broken by 'NewConnectionError('<pip._vendor.urllib3.connection.HTTPSConnection object at 0x7cef4add9990>: Failed to establish a new connection: [Errno -2] Name or service not known')': /safetensors/
WARNING: Retrying (Retry(total=3, connect=None, read=None, redirect=None, status=None)) after connection broken by 'NewConnectionError('<pip._vendor.urllib3.connection.HTTPSConnection object at 0x7cef4add9d50>: Failed to establish a new connection: [Errno -2] Name or service not known')': /safetensors/
WARNING: Retrying (Retry(total=2, connect=None, read=None, redirect=None, status=None)) after connection broken by 'NewConnectionError('<pip._vendor.urllib3.connection.HTTPSConnection object at 0x7cef4add9f00>: Failed to establish a new connection: [Errno -2] Name or service not known')': /safetensors/
WARNING: Retrying (Retry(total=1, connect=None, read=None, redirect=None, status=None)) after connection broken by 'NewConnectionError('<pip._vendor.urllib3.connection.HTTPSConnection object at 0x7cef4adda0b0>: Failed to establish a new connection: [Errno -2] Name or service not known')': /safetensors/
WARNING: Retrying (Retry(total=0, connect=None, read=None, redirect=None, status=None)) after connection broken by 'NewConnectionError('<pip._vendor.urllib3.connection.HTTPSConnection object at 0x7cef4adda260>: Failed to establish a new connection: [Errno -2] Name or service not known')': /safetensors/
WARNING: Retrying (Retry(total=4, connect=None, read=None, redirect=None, status=None)) after connection broken by 'NewConnectionError('<pip._vendor.urllib3.connection.HTTPSConnection object at 0x7cef4b4df6a0>: Failed to establish a new connection: [Errno -2] Name or service not known')': /kornia-rs/
WARNING: Retrying (Retry(total=3, connect=None, read=None, redirect=None, status=None)) after connection broken by 'NewConnectionError('<pip._vendor.urllib3.connection.HTTPSConnection object at 0x7cef4b4dfbe0>: Failed to establish a new connection: [Errno -2] Name or service not known')': /kornia-rs/
WARNING: Retrying (Retry(total=2, connect=None, read=None, redirect=None, status=None)) after connection broken by 'NewConnectionError('<pip._vendor.urllib3.connection.HTTPSConnection object at 0x7cef4b4dfd90>: Failed to establish a new connection: [Errno -2] Name or service not known')': /kornia-rs/
WARNING: Retrying (Retry(total=1, connect=None, read=None, redirect=None, status=None)) after connection broken by 'NewConnectionError('<pip._vendor.urllib3.connection.HTTPSConnection object at 0x7cef4b4dff40>: Failed to establish a new connection: [Errno -2] Name or service not known')': /kornia-rs/
WARNING: Retrying (Retry(total=0, connect=None, read=None, redirect=None, status=None)) after connection broken by 'NewConnectionError('<pip._vendor.urllib3.connection.HTTPSConnection object at 0x7cef4b4dff70>: Failed to establish a new connection: [Errno -2] Name or service not known')': /kornia-rs/
WARNING: Retrying (Retry(total=4, connect=None, read=None, redirect=None, status=None)) after connection broken by 'NewConnectionError('<pip._vendor.urllib3.connection.HTTPSConnection object at 0x7cef4ac59e10>: Failed to establish a new connection: [Errno -2] Name or service not known')': /click/
WARNING: Retrying (Retry(total=3, connect=None, read=None, redirect=None, status=None)) after connection broken by 'NewConnectionError('<pip._vendor.urllib3.connection.HTTPSConnection object at 0x7cef4ac5a290>: Failed to establish a new connection: [Errno -2] Name or service not known')': /click/
WARNING: Retrying (Retry(total=2, connect=None, read=None, redirect=None, status=None)) after connection broken by 'NewConnectionError('<pip._vendor.urllib3.connection.HTTPSConnection object at 0x7cef4ac5a440>: Failed to establish a new connection: [Errno -2] Name or service not known')': /click/
WARNING: Retrying (Retry(total=1, connect=None, read=None, redirect=None, status=None)) after connection broken by 'NewConnectionError('<pip._vendor.urllib3.connection.HTTPSConnection object at 0x7cef4ac5a5f0>: Failed to establish a new connection: [Errno -2] Name or service not known')': /click/
WARNING: Retrying (Retry(total=0, connect=None, read=None, redirect=None, status=None)) after connection broken by 'NewConnectionError('<pip._vendor.urllib3.connection.HTTPSConnection object at 0x7cef4ac5a7a0>: Failed to establish a new connection: [Errno -2] Name or service not known')': /click/
WARNING: Retrying (Retry(total=4, connect=None, read=None, redirect=None, status=None)) after connection broken by 'NewConnectionError('<pip._vendor.urllib3.connection.HTTPSConnection object at 0x7cef4ac746a0>: Failed to establish a new connection: [Errno -2] Name or service not known')': /hf-xet/
WARNING: Retrying (Retry(total=3, connect=None, read=None, redirect=None, status=None)) after connection broken by 'NewConnectionError('<pip._vendor.urllib3.connection.HTTPSConnection object at 0x7cef4ac74a60>: Failed to establish a new connection: [Errno -2] Name or service not known')': /hf-xet/
WARNING: Retrying (Retry(total=2, connect=None, read=None, redirect=None, status=None)) after connection broken by 'NewConnectionError('<pip._vendor.urllib3.connection.HTTPSConnection object at 0x7cef4ac74c10>: Failed to establish a new connection: [Errno -2] Name or service not known')': /hf-xet/
WARNING: Retrying (Retry(total=1, connect=None, read=None, redirect=None, status=None)) after connection broken by 'NewConnectionError('<pip._vendor.urllib3.connection.HTTPSConnection object at 0x7cef4ac74dc0>: Failed to establish a new connection: [Errno -2] Name or service not known')': /hf-xet/
WARNING: Retrying (Retry(total=0, connect=None, read=None, redirect=None, status=None)) after connection broken by 'NewConnectionError('<pip._vendor.urllib3.connection.HTTPSConnection object at 0x7cef4ac74f70>: Failed to establish a new connection: [Errno -2] Name or service not known')': /hf-xet/
WARNING: Retrying (Retry(total=4, connect=None, read=None, redirect=None, status=None)) after connection broken by 'NewConnectionError('<pip._vendor.urllib3.connection.HTTPSConnection object at 0x7cef4ace1a80>: Failed to establish a new connection: [Errno -2] Name or service not known')': /httpx/
WARNING: Retrying (Retry(total=3, connect=None, read=None, redirect=None, status=None)) after connection broken by 'NewConnectionError('<pip._vendor.urllib3.connection.HTTPSConnection object at 0x7cef4ace1f00>: Failed to establish a new connection: [Errno -2] Name or service not known')': /httpx/
WARNING: Retrying (Retry(total=2, connect=None, read=None, redirect=None, status=None)) after connection broken by 'NewConnectionError('<pip._vendor.urllib3.connection.HTTPSConnection object at 0x7cef4ace20b0>: Failed to establish a new connection: [Errno -2] Name or service not known')': /httpx/
WARNING: Retrying (Retry(total=1, connect=None, read=None, redirect=None, status=None)) after connection broken by 'NewConnectionError('<pip._vendor.urllib3.connection.HTTPSConnection object at 0x7cef4ace2260>: Failed to establish a new connection: [Errno -2] Name or service not known')': /httpx/
WARNING: Retrying (Retry(total=0, connect=None, read=None, redirect=None, status=None)) after connection broken by 'NewConnectionError('<pip._vendor.urllib3.connection.HTTPSConnection object at 0x7cef4ace2410>: Failed to establish a new connection: [Errno -2] Name or service not known')': /httpx/
WARNING: Retrying (Retry(total=4, connect=None, read=None, redirect=None, status=None)) after connection broken by 'NewConnectionError('<pip._vendor.urllib3.connection.HTTPSConnection object at 0x7cef4ab02830>: Failed to establish a new connection: [Errno -2] Name or service not known')': /anyio/
WARNING: Retrying (Retry(total=3, connect=None, read=None, redirect=None, status=None)) after connection broken by 'NewConnectionError('<pip._vendor.urllib3.connection.HTTPSConnection object at 0x7cef4ab02cb0>: Failed to establish a new connection: [Errno -2] Name or service not known')': /anyio/
WARNING: Retrying (Retry(total=2, connect=None, read=None, redirect=None, status=None)) after connection broken by 'NewConnectionError('<pip._vendor.urllib3.connection.HTTPSConnection object at 0x7cef4ab02e60>: Failed to establish a new connection: [Errno -2] Name or service not known')': /anyio/
WARNING: Retrying (Retry(total=1, connect=None, read=None, redirect=None, status=None)) after connection broken by 'NewConnectionError('<pip._vendor.urllib3.connection.HTTPSConnection object at 0x7cef4ab03010>: Failed to establish a new connection: [Errno -2] Name or service not known')': /anyio/
WARNING: Retrying (Retry(total=0, connect=None, read=None, redirect=None, status=None)) after connection broken by 'NewConnectionError('<pip._vendor.urllib3.connection.HTTPSConnection object at 0x7cef4ab031c0>: Failed to establish a new connection: [Errno -2] Name or service not known')': /anyio/
WARNING: Retrying (Retry(total=4, connect=None, read=None, redirect=None, status=None)) after connection broken by 'NewConnectionError('<pip._vendor.urllib3.connection.HTTPSConnection object at 0x7cef4aa777c0>: Failed to establish a new connection: [Errno -2] Name or service not known')': /httpcore/
WARNING: Retrying (Retry(total=3, connect=None, read=None, redirect=None, status=None)) after connection broken by 'NewConnectionError('<pip._vendor.urllib3.connection.HTTPSConnection object at 0x7cef4aa759c0>: Failed to establish a new connection: [Errno -2] Name or service not known')': /httpcore/
WARNING: Retrying (Retry(total=2, connect=None, read=None, redirect=None, status=None)) after connection broken by 'NewConnectionError('<pip._vendor.urllib3.connection.HTTPSConnection object at 0x7cef4a951d50>: Failed to establish a new connection: [Errno -2] Name or service not known')': /httpcore/
WARNING: Retrying (Retry(total=1, connect=None, read=None, redirect=None, status=None)) after connection broken by 'NewConnectionError('<pip._vendor.urllib3.connection.HTTPSConnection object at 0x7cef4a951f00>: Failed to establish a new connection: [Errno -2] Name or service not known')': /httpcore/
WARNING: Retrying (Retry(total=0, connect=None, read=None, redirect=None, status=None)) after connection broken by 'NewConnectionError('<pip._vendor.urllib3.connection.HTTPSConnection object at 0x7cef4a9520b0>: Failed to establish a new connection: [Errno -2] Name or service not known')': /httpcore/
WARNING: Retrying (Retry(total=4, connect=None, read=None, redirect=None, status=None)) after connection broken by 'NewConnectionError('<pip._vendor.urllib3.connection.HTTPSConnection object at 0x7cef4a951ae0>: Failed to establish a new connection: [Errno -2] Name or service not known')': /h11/
WARNING: Retrying (Retry(total=3, connect=None, read=None, redirect=None, status=None)) after connection broken by 'NewConnectionError('<pip._vendor.urllib3.connection.HTTPSConnection object at 0x7cef4a968070>: Failed to establish a new connection: [Errno -2] Name or service not known')': /h11/
WARNING: Retrying (Retry(total=2, connect=None, read=None, redirect=None, status=None)) after connection broken by 'NewConnectionError('<pip._vendor.urllib3.connection.HTTPSConnection object at 0x7cef4a969e40>: Failed to establish a new connection: [Errno -2] Name or service not known')': /h11/
WARNING: Retrying (Retry(total=1, connect=None, read=None, redirect=None, status=None)) after connection broken by 'NewConnectionError('<pip._vendor.urllib3.connection.HTTPSConnection object at 0x7cef4a969ff0>: Failed to establish a new connection: [Errno -2] Name or service not known')': /h11/
WARNING: Retrying (Retry(total=0, connect=None, read=None, redirect=None, status=None)) after connection broken by 'NewConnectionError('<pip._vendor.urllib3.connection.HTTPSConnection object at 0x7cef4a96a200>: Failed to establish a new connection: [Errno -2] Name or service not known')': /h11/
WARNING: Retrying (Retry(total=4, connect=None, read=None, redirect=None, status=None)) after connection broken by 'NewConnectionError('<pip._vendor.urllib3.connection.HTTPSConnection object at 0x7cef4a9ed480>: Failed to establish a new connection: [Errno -2] Name or service not known')': /typing-extensions/
WARNING: Retrying (Retry(total=3, connect=None, read=None, redirect=None, status=None)) after connection broken by 'NewConnectionError('<pip._vendor.urllib3.connection.HTTPSConnection object at 0x7cef4a9ed6f0>: Failed to establish a new connection: [Errno -2] Name or service not known')': /typing-extensions/
WARNING: Retrying (Retry(total=2, connect=None, read=None, redirect=None, status=None)) after connection broken by 'NewConnectionError('<pip._vendor.urllib3.connection.HTTPSConnection object at 0x7cef4a9ed8a0>: Failed to establish a new connection: [Errno -2] Name or service not known')': /typing-extensions/
WARNING: Retrying (Retry(total=1, connect=None, read=None, redirect=None, status=None)) after connection broken by 'NewConnectionError('<pip._vendor.urllib3.connection.HTTPSConnection object at 0x7cef4a9eda50>: Failed to establish a new connection: [Errno -2] Name or service not known')': /typing-extensions/
WARNING: Retrying (Retry(total=0, connect=None, read=None, redirect=None, status=None)) after connection broken by 'NewConnectionError('<pip._vendor.urllib3.connection.HTTPSConnection object at 0x7cef4a9edc00>: Failed to establish a new connection: [Errno -2] Name or service not known')': /typing-extensions/
WARNING: Running pip as the 'root' user can result in broken permissions and conflicting behaviour with the system package manager. It is recommended to use a virtual environment instead: https://pip.pypa.io/warnings/venv

[notice] A new release of pip is available: 23.3.1 -> 26.2.1
[notice] To update, run: python -m pip install --upgrade pip
Traceback (most recent call last):
  File "/netscratch/chandel/mammoth/main.py", line 566, in <module>
    main()
  File "/netscratch/chandel/mammoth/main.py", line 558, in main
    from utils.training import train
  File "/netscratch/chandel/mammoth/utils/training.py", line 17, in <module>
    from datasets import get_dataset
  File "/netscratch/chandel/mammoth/datasets/__init__.py", line 176, in <module>
    importlib.import_module(f'datasets.{file[:-3]}')
  File "/usr/lib/python3.10/importlib/__init__.py", line 126, in import_module
    return _bootstrap._gcd_import(name[level:], package, level)
  File "/netscratch/chandel/mammoth/datasets/seq_dtd.py", line 2, in <module>
    import open_clip
ModuleNotFoundError: No module named 'open_clip'
srun: error: kent: task 0: Exited with exit code 1
