Job 3239475: Running on node(s) kusel
Job 3239475: Started at 2026-08-02 04:44:02+0200
Monitor this job here: http://monitoring.pegasus.kl.dfki.de/d/slurm-job-details/job-details?var-jobid=3239475&from=1785638642000
srun: jobinfo: version v1.0.0
Job 3239475: Running on node(s) kusel
Job 3239475: Started at 2026-08-02 04:44:02+0200
Monitor this job here: http://monitoring.pegasus.kl.dfki.de/d/slurm-job-details/job-details?var-jobid=3239475&from=1785638642000
WARNING: Running pip as the 'root' user can result in broken permissions and conflicting behaviour with the system package manager. It is recommended to use a virtual environment instead: https://pip.pypa.io/warnings/venv

[notice] A new release of pip is available: 23.3.1 -> 26.2
[notice] To update, run: python -m pip install --upgrade pip
Warning: You are sending unauthenticated requests to the HF Hub. Please set a HF_TOKEN to enable higher rate limits and faster downloads.
/usr/local/lib/python3.10/dist-packages/open_clip/factory.py:388: UserWarning: These pretrained weights were trained with QuickGELU activation but the model config does not have that enabled. Consider using a model config with a "-quickgelu" suffix or enable with a flag.
  warnings.warn(
Accuracy for 1 task(s): [Domain-IL]: 90.44 %
	Raw accuracy values: Domain-IL [90.44]


Accuracy for 2 task(s): [Domain-IL]: 84.56 %
	Raw accuracy values: Domain-IL [79.71000000000001, 89.41]


Accuracy for 3 task(s): [Domain-IL]: 83.25 %
	Raw accuracy values: Domain-IL [83.43, 74.92999999999999, 91.4]


Accuracy for 4 task(s): [Domain-IL]: 85.22 %
	Raw accuracy values: Domain-IL [84.84, 70.67999999999999, 92.58999999999999, 92.78]


Accuracy for 5 task(s): [Domain-IL]: 86.36 %
	Raw accuracy values: Domain-IL [91.53999999999999, 75.22999999999999, 85.56, 86.98, 92.49000000000001]


Accuracy for 6 task(s): [Domain-IL]: 79.48 %
	Raw accuracy values: Domain-IL [83.12, 60.550000000000004, 81.78999999999999, 81.86, 78.29, 91.29]


Accuracy for 7 task(s): [Domain-IL]: 81.57 %
	Raw accuracy values: Domain-IL [81.91000000000001, 61.42999999999999, 88.92999999999999, 87.46000000000001, 75.26, 82.88, 93.10000000000001]


Accuracy for 8 task(s): [Domain-IL]: 82.35 %
	Raw accuracy values: Domain-IL [80.67, 60.129999999999995, 89.67, 87.68, 73.22, 78.83, 94.27, 94.34]


Accuracy for 9 task(s): [Domain-IL]: 84.15 %
	Raw accuracy values: Domain-IL [83.74000000000001, 59.61, 94.1, 92.95, 73.07000000000001, 72.28999999999999, 93.0, 93.67, 94.95]


Accuracy for 10 task(s): [Domain-IL]: 83.04 %
	Raw accuracy values: Domain-IL [78.61, 52.93, 86.56, 84.78, 68.08, 91.85, 92.84, 92.02, 88.41, 94.28]


Accuracy for 11 task(s): [Domain-IL]: 85.58 %
	Raw accuracy values: Domain-IL [81.39, 55.279999999999994, 93.97999999999999, 92.75, 68.96, 81.74, 94.48, 94.75, 94.92, 87.94, 95.16]


Accuracy for 12 task(s): [Domain-IL]: 83.11 %
	Raw accuracy values: Domain-IL [78.93, 91.85, 85.84, 84.95, 79.0, 65.11, 85.55, 85.81, 87.59, 72.61999999999999, 87.29, 92.83]


Accuracy for 13 task(s): [Domain-IL]: 87.11 %
	Raw accuracy values: Domain-IL [85.21, 80.65, 95.19999999999999, 94.38, 75.2, 71.06, 91.92, 92.75, 95.33, 78.38000000000001, 95.16, 81.76, 95.43]


Accuracy for 14 task(s): [Domain-IL]: 84.74 %
	Raw accuracy values: Domain-IL [80.15, 93.05, 88.7, 88.06, 78.53999999999999, 62.19, 84.94, 85.63, 89.2, 69.65, 88.81, 94.12, 89.19, 94.14]


Accuracy for 15 task(s): [Domain-IL]: 84.89 %
	Raw accuracy values: Domain-IL [76.28, 77.14, 86.39, 84.84, 67.80000000000001, 94.06, 88.47, 87.92999999999999, 87.53999999999999, 92.62, 87.62, 80.51, 87.27000000000001, 80.47, 94.48]


Accuracy for 16 task(s): [Domain-IL]: 84.49 %
	Raw accuracy values: Domain-IL [76.71, 94.14, 85.53, 84.00999999999999, 73.76, 77.38000000000001, 83.39999999999999, 83.8, 85.84, 78.29, 85.49, 94.04, 86.49, 94.13, 74.53999999999999, 94.31]


Accuracy for 17 task(s): [Domain-IL]: 85.8 %
	Raw accuracy values: Domain-IL [74.1, 84.03, 84.48, 82.71, 66.45, 94.56, 89.11, 88.0, 86.15, 94.05, 86.25, 85.02, 85.64, 84.91, 94.02000000000001, 84.31, 94.83]


Accuracy for 18 task(s): [Domain-IL]: 87.99 %
	Raw accuracy values: Domain-IL [75.29, 82.72, 91.85, 89.68, 66.14, 89.79, 95.44, 95.28999999999999, 94.13, 92.39, 94.43, 83.61, 92.9, 83.39, 87.26, 82.95, 90.78, 95.7]


Accuracy for 19 task(s): [Domain-IL]: 83.46 %
	Raw accuracy values: Domain-IL [70.46, 74.09, 83.81, 81.82000000000001, 61.39, 93.62, 87.77000000000001, 87.71, 85.28999999999999, 90.68, 86.35000000000001, 76.49000000000001, 85.31, 76.37, 94.16, 74.44, 92.89, 88.39, 94.72]


Accuracy for 20 task(s): [Domain-IL]: 85.88 %
	Raw accuracy values: Domain-IL [69.69, 76.42, 85.32, 82.95, 60.39, 94.28, 94.42, 93.60000000000001, 88.88000000000001, 95.62, 90.02, 78.27, 87.12, 77.97, 93.5, 76.92999999999999, 95.03, 93.85, 87.36, 96.07]


