Job 3239341: Running on node(s) kusel
Job 3239341: Started at 2026-08-02 04:10:31+0200
Monitor this job here: http://monitoring.pegasus.kl.dfki.de/d/slurm-job-details/job-details?var-jobid=3239341&from=1785636631000
srun: jobinfo: version v1.0.0
Job 3239341: Running on node(s) kusel
Job 3239341: Started at 2026-08-02 04:10:31+0200
Monitor this job here: http://monitoring.pegasus.kl.dfki.de/d/slurm-job-details/job-details?var-jobid=3239341&from=1785636631000
WARNING: Running pip as the 'root' user can result in broken permissions and conflicting behaviour with the system package manager. It is recommended to use a virtual environment instead: https://pip.pypa.io/warnings/venv

[notice] A new release of pip is available: 23.3.1 -> 26.2
[notice] To update, run: python -m pip install --upgrade pip
Warning: You are sending unauthenticated requests to the HF Hub. Please set a HF_TOKEN to enable higher rate limits and faster downloads.
/usr/local/lib/python3.10/dist-packages/open_clip/factory.py:388: UserWarning: These pretrained weights were trained with QuickGELU activation but the model config does not have that enabled. Consider using a model config with a "-quickgelu" suffix or enable with a flag.
  warnings.warn(
Accuracy for 1 task(s): [Domain-IL]: 92.07 %
	Raw accuracy values: Domain-IL [92.07]


Accuracy for 2 task(s): [Domain-IL]: 92.2 %
	Raw accuracy values: Domain-IL [91.83, 92.57]


Accuracy for 3 task(s): [Domain-IL]: 92.18 %
	Raw accuracy values: Domain-IL [91.55, 91.86, 93.14]


Accuracy for 4 task(s): [Domain-IL]: 92.18 %
	Raw accuracy values: Domain-IL [91.21000000000001, 91.52, 92.65, 93.32000000000001]


Accuracy for 5 task(s): [Domain-IL]: 91.96 %
	Raw accuracy values: Domain-IL [90.53999999999999, 91.08000000000001, 92.10000000000001, 92.71000000000001, 93.37]


Accuracy for 6 task(s): [Domain-IL]: 91.79 %
	Raw accuracy values: Domain-IL [90.27, 90.47, 91.46, 92.38, 92.84, 93.33]


Accuracy for 7 task(s): [Domain-IL]: 91.67 %
	Raw accuracy values: Domain-IL [89.75, 89.83, 91.11, 92.04, 92.52, 92.49000000000001, 93.93]


Accuracy for 8 task(s): [Domain-IL]: 91.67 %
	Raw accuracy values: Domain-IL [89.71000000000001, 89.61, 90.75, 91.89, 92.05, 92.08, 93.47999999999999, 93.8]


Accuracy for 9 task(s): [Domain-IL]: 91.37 %
	Raw accuracy values: Domain-IL [89.37, 88.94, 89.92, 91.23, 91.78, 91.61, 92.73, 93.0, 93.75]


Accuracy for 10 task(s): [Domain-IL]: 91.21 %
	Raw accuracy values: Domain-IL [88.79, 88.35, 89.55, 91.0, 91.21000000000001, 91.33, 92.14, 92.56, 93.2, 93.97]


Accuracy for 11 task(s): [Domain-IL]: 91.02 %
	Raw accuracy values: Domain-IL [88.33, 88.13, 89.03, 90.42, 90.99000000000001, 90.77, 91.84, 91.63, 92.77, 93.37, 93.89]


Accuracy for 12 task(s): [Domain-IL]: 90.82 %
	Raw accuracy values: Domain-IL [87.99, 87.09, 88.44, 89.78, 90.32, 90.75999999999999, 91.51, 91.55, 92.43, 92.78, 93.34, 93.89999999999999]


Accuracy for 13 task(s): [Domain-IL]: 90.6 %
	Raw accuracy values: Domain-IL [87.22, 86.4, 88.47, 89.4, 89.98, 90.03, 91.34, 91.01, 91.97999999999999, 92.03, 92.80000000000001, 92.97999999999999, 94.21000000000001]


Accuracy for 14 task(s): [Domain-IL]: 90.56 %
	Raw accuracy values: Domain-IL [87.06, 85.76, 87.98, 89.28, 89.69, 89.88000000000001, 90.67, 90.78, 91.7, 92.17999999999999, 92.52, 92.52, 93.51, 94.25]


Accuracy for 15 task(s): [Domain-IL]: 90.32 %
	Raw accuracy values: Domain-IL [86.14, 85.65, 86.95, 88.71, 89.1, 89.25999999999999, 90.58, 90.64999999999999, 91.05, 91.59, 91.91, 92.09, 93.12, 93.49, 94.51]


Accuracy for 16 task(s): [Domain-IL]: 90.1 %
	Raw accuracy values: Domain-IL [85.57000000000001, 84.81, 86.64, 88.21, 88.02, 89.21, 90.33, 90.09, 90.02, 91.27, 91.32000000000001, 91.94, 92.47999999999999, 93.5, 93.84, 94.28]


Accuracy for 17 task(s): [Domain-IL]: 89.84 %
	Raw accuracy values: Domain-IL [85.15, 84.13000000000001, 86.06, 87.59, 87.75, 88.47, 90.14, 89.78, 89.56, 90.68, 90.66, 91.41, 91.84, 93.10000000000001, 93.2, 93.34, 94.39999999999999]


Accuracy for 18 task(s): [Domain-IL]: 89.67 %
	Raw accuracy values: Domain-IL [84.78999999999999, 83.76, 85.87, 86.83999999999999, 87.07000000000001, 88.01, 89.64, 89.5, 89.52, 90.36, 90.35, 91.53999999999999, 91.22, 92.31, 92.67, 92.58999999999999, 93.69, 94.37]


Accuracy for 19 task(s): [Domain-IL]: 89.5 %
	Raw accuracy values: Domain-IL [83.99, 84.14, 84.91, 86.71, 87.03999999999999, 87.15, 88.82, 89.64999999999999, 89.27000000000001, 89.60000000000001, 89.75, 91.0, 91.03, 92.03, 91.9, 91.96, 93.23, 93.78, 94.54]


Accuracy for 20 task(s): [Domain-IL]: 89.22 %
	Raw accuracy values: Domain-IL [81.81, 83.45, 84.65, 86.21, 86.58, 86.42999999999999, 88.05, 89.18, 88.2, 89.11, 89.14999999999999, 90.58, 90.92, 91.95, 92.03, 91.51, 92.53, 93.30000000000001, 94.14, 94.53]


