Job 3361471: Running on node(s) kent
Job 3361471: Started at 2026-09-06 22:18:39+0200
Monitor this job here: http://monitoring.pegasus.kl.dfki.de/d/slurm-job-details/job-details?var-jobid=3361471&from=1788725919000
srun: jobinfo: version v1.0.0
Job 3361471: Running on node(s) kent
Job 3361471: Started at 2026-09-06 22:18:39+0200
Monitor this job here: http://monitoring.pegasus.kl.dfki.de/d/slurm-job-details/job-details?var-jobid=3361471&from=1788725919000
WARNING: Retrying (Retry(total=4, connect=None, read=None, redirect=None, status=None)) after connection broken by 'NewConnectionError('<pip._vendor.urllib3.connection.HTTPSConnection object at 0x7d852dee7010>: Failed to establish a new connection: [Errno -2] Name or service not known')': /kornia/
WARNING: Retrying (Retry(total=3, connect=None, read=None, redirect=None, status=None)) after connection broken by 'NewConnectionError('<pip._vendor.urllib3.connection.HTTPSConnection object at 0x7d852dee7100>: Failed to establish a new connection: [Errno -2] Name or service not known')': /kornia/
WARNING: Retrying (Retry(total=2, connect=None, read=None, redirect=None, status=None)) after connection broken by 'NewConnectionError('<pip._vendor.urllib3.connection.HTTPSConnection object at 0x7d852dee7700>: Failed to establish a new connection: [Errno -2] Name or service not known')': /kornia/
WARNING: Retrying (Retry(total=1, connect=None, read=None, redirect=None, status=None)) after connection broken by 'NewConnectionError('<pip._vendor.urllib3.connection.HTTPSConnection object at 0x7d852dee78b0>: Failed to establish a new connection: [Errno -2] Name or service not known')': /kornia/
WARNING: Retrying (Retry(total=0, connect=None, read=None, redirect=None, status=None)) after connection broken by 'NewConnectionError('<pip._vendor.urllib3.connection.HTTPSConnection object at 0x7d852dee7a60>: Failed to establish a new connection: [Errno -2] Name or service not known')': /kornia/
WARNING: Retrying (Retry(total=4, connect=None, read=None, redirect=None, status=None)) after connection broken by 'NewConnectionError('<pip._vendor.urllib3.connection.HTTPSConnection object at 0x7d852dd89420>: Failed to establish a new connection: [Errno -2] Name or service not known')': /timm/
WARNING: Retrying (Retry(total=3, connect=None, read=None, redirect=None, status=None)) after connection broken by 'NewConnectionError('<pip._vendor.urllib3.connection.HTTPSConnection object at 0x7d852dd898a0>: Failed to establish a new connection: [Errno -2] Name or service not known')': /timm/
WARNING: Retrying (Retry(total=2, connect=None, read=None, redirect=None, status=None)) after connection broken by 'NewConnectionError('<pip._vendor.urllib3.connection.HTTPSConnection object at 0x7d852dd89a50>: Failed to establish a new connection: [Errno -2] Name or service not known')': /timm/
WARNING: Retrying (Retry(total=1, connect=None, read=None, redirect=None, status=None)) after connection broken by 'NewConnectionError('<pip._vendor.urllib3.connection.HTTPSConnection object at 0x7d852dd89c00>: Failed to establish a new connection: [Errno -2] Name or service not known')': /timm/
WARNING: Retrying (Retry(total=0, connect=None, read=None, redirect=None, status=None)) after connection broken by 'NewConnectionError('<pip._vendor.urllib3.connection.HTTPSConnection object at 0x7d852dd89db0>: Failed to establish a new connection: [Errno -2] Name or service not known')': /timm/
WARNING: Retrying (Retry(total=4, connect=None, read=None, redirect=None, status=None)) after connection broken by 'NewConnectionError('<pip._vendor.urllib3.connection.HTTPSConnection object at 0x7d852dd8b370>: Failed to establish a new connection: [Errno -2] Name or service not known')': /onedrivedownloader/
WARNING: Retrying (Retry(total=3, connect=None, read=None, redirect=None, status=None)) after connection broken by 'NewConnectionError('<pip._vendor.urllib3.connection.HTTPSConnection object at 0x7d852dd8ae60>: Failed to establish a new connection: [Errno -2] Name or service not known')': /onedrivedownloader/
WARNING: Retrying (Retry(total=2, connect=None, read=None, redirect=None, status=None)) after connection broken by 'NewConnectionError('<pip._vendor.urllib3.connection.HTTPSConnection object at 0x7d852dd283d0>: Failed to establish a new connection: [Errno -2] Name or service not known')': /onedrivedownloader/
WARNING: Retrying (Retry(total=1, connect=None, read=None, redirect=None, status=None)) after connection broken by 'NewConnectionError('<pip._vendor.urllib3.connection.HTTPSConnection object at 0x7d852dd341f0>: Failed to establish a new connection: [Errno -2] Name or service not known')': /onedrivedownloader/
WARNING: Retrying (Retry(total=0, connect=None, read=None, redirect=None, status=None)) after connection broken by 'NewConnectionError('<pip._vendor.urllib3.connection.HTTPSConnection object at 0x7d852dd343a0>: Failed to establish a new connection: [Errno -2] Name or service not known')': /onedrivedownloader/
WARNING: Retrying (Retry(total=4, connect=None, read=None, redirect=None, status=None)) after connection broken by 'NewConnectionError('<pip._vendor.urllib3.connection.HTTPSConnection object at 0x7d852ddabaf0>: Failed to establish a new connection: [Errno -2] Name or service not known')': /ftfy/
WARNING: Retrying (Retry(total=3, connect=None, read=None, redirect=None, status=None)) after connection broken by 'NewConnectionError('<pip._vendor.urllib3.connection.HTTPSConnection object at 0x7d852ddabf70>: Failed to establish a new connection: [Errno -2] Name or service not known')': /ftfy/
WARNING: Retrying (Retry(total=2, connect=None, read=None, redirect=None, status=None)) after connection broken by 'NewConnectionError('<pip._vendor.urllib3.connection.HTTPSConnection object at 0x7d852ddabfa0>: Failed to establish a new connection: [Errno -2] Name or service not known')': /ftfy/
WARNING: Retrying (Retry(total=1, connect=None, read=None, redirect=None, status=None)) after connection broken by 'NewConnectionError('<pip._vendor.urllib3.connection.HTTPSConnection object at 0x7d852ddd8310>: Failed to establish a new connection: [Errno -2] Name or service not known')': /ftfy/
WARNING: Retrying (Retry(total=0, connect=None, read=None, redirect=None, status=None)) after connection broken by 'NewConnectionError('<pip._vendor.urllib3.connection.HTTPSConnection object at 0x7d852ddd84c0>: Failed to establish a new connection: [Errno -2] Name or service not known')': /ftfy/
WARNING: Retrying (Retry(total=4, connect=None, read=None, redirect=None, status=None)) after connection broken by 'NewConnectionError('<pip._vendor.urllib3.connection.HTTPSConnection object at 0x7d852dc37820>: Failed to establish a new connection: [Errno -2] Name or service not known')': /huggingface-hub/
WARNING: Retrying (Retry(total=3, connect=None, read=None, redirect=None, status=None)) after connection broken by 'NewConnectionError('<pip._vendor.urllib3.connection.HTTPSConnection object at 0x7d852dc37a90>: Failed to establish a new connection: [Errno -2] Name or service not known')': /huggingface-hub/
WARNING: Retrying (Retry(total=2, connect=None, read=None, redirect=None, status=None)) after connection broken by 'NewConnectionError('<pip._vendor.urllib3.connection.HTTPSConnection object at 0x7d852dc37c40>: Failed to establish a new connection: [Errno -2] Name or service not known')': /huggingface-hub/
WARNING: Retrying (Retry(total=1, connect=None, read=None, redirect=None, status=None)) after connection broken by 'NewConnectionError('<pip._vendor.urllib3.connection.HTTPSConnection object at 0x7d852dc37df0>: Failed to establish a new connection: [Errno -2] Name or service not known')': /huggingface-hub/
WARNING: Retrying (Retry(total=0, connect=None, read=None, redirect=None, status=None)) after connection broken by 'NewConnectionError('<pip._vendor.urllib3.connection.HTTPSConnection object at 0x7d852dc37fd0>: Failed to establish a new connection: [Errno -2] Name or service not known')': /huggingface-hub/
WARNING: Retrying (Retry(total=4, connect=None, read=None, redirect=None, status=None)) after connection broken by 'NewConnectionError('<pip._vendor.urllib3.connection.HTTPSConnection object at 0x7d852d3a5990>: Failed to establish a new connection: [Errno -2] Name or service not known')': /safetensors/
WARNING: Retrying (Retry(total=3, connect=None, read=None, redirect=None, status=None)) after connection broken by 'NewConnectionError('<pip._vendor.urllib3.connection.HTTPSConnection object at 0x7d852d3a5d50>: Failed to establish a new connection: [Errno -2] Name or service not known')': /safetensors/
WARNING: Retrying (Retry(total=2, connect=None, read=None, redirect=None, status=None)) after connection broken by 'NewConnectionError('<pip._vendor.urllib3.connection.HTTPSConnection object at 0x7d852d3a5f00>: Failed to establish a new connection: [Errno -2] Name or service not known')': /safetensors/
WARNING: Retrying (Retry(total=1, connect=None, read=None, redirect=None, status=None)) after connection broken by 'NewConnectionError('<pip._vendor.urllib3.connection.HTTPSConnection object at 0x7d852d3a60b0>: Failed to establish a new connection: [Errno -2] Name or service not known')': /safetensors/
WARNING: Retrying (Retry(total=0, connect=None, read=None, redirect=None, status=None)) after connection broken by 'NewConnectionError('<pip._vendor.urllib3.connection.HTTPSConnection object at 0x7d852d3a6260>: Failed to establish a new connection: [Errno -2] Name or service not known')': /safetensors/
WARNING: Retrying (Retry(total=4, connect=None, read=None, redirect=None, status=None)) after connection broken by 'NewConnectionError('<pip._vendor.urllib3.connection.HTTPSConnection object at 0x7d852daab520>: Failed to establish a new connection: [Errno -2] Name or service not known')': /kornia-rs/
WARNING: Retrying (Retry(total=3, connect=None, read=None, redirect=None, status=None)) after connection broken by 'NewConnectionError('<pip._vendor.urllib3.connection.HTTPSConnection object at 0x7d852daabb50>: Failed to establish a new connection: [Errno -2] Name or service not known')': /kornia-rs/
WARNING: Retrying (Retry(total=2, connect=None, read=None, redirect=None, status=None)) after connection broken by 'NewConnectionError('<pip._vendor.urllib3.connection.HTTPSConnection object at 0x7d852daabd00>: Failed to establish a new connection: [Errno -2] Name or service not known')': /kornia-rs/
WARNING: Retrying (Retry(total=1, connect=None, read=None, redirect=None, status=None)) after connection broken by 'NewConnectionError('<pip._vendor.urllib3.connection.HTTPSConnection object at 0x7d852daabeb0>: Failed to establish a new connection: [Errno -2] Name or service not known')': /kornia-rs/
WARNING: Retrying (Retry(total=0, connect=None, read=None, redirect=None, status=None)) after connection broken by 'NewConnectionError('<pip._vendor.urllib3.connection.HTTPSConnection object at 0x7d852daabee0>: Failed to establish a new connection: [Errno -2] Name or service not known')': /kornia-rs/
WARNING: Retrying (Retry(total=4, connect=None, read=None, redirect=None, status=None)) after connection broken by 'NewConnectionError('<pip._vendor.urllib3.connection.HTTPSConnection object at 0x7d852d221d20>: Failed to establish a new connection: [Errno -2] Name or service not known')': /click/
WARNING: Retrying (Retry(total=3, connect=None, read=None, redirect=None, status=None)) after connection broken by 'NewConnectionError('<pip._vendor.urllib3.connection.HTTPSConnection object at 0x7d852d2221a0>: Failed to establish a new connection: [Errno -2] Name or service not known')': /click/
WARNING: Retrying (Retry(total=2, connect=None, read=None, redirect=None, status=None)) after connection broken by 'NewConnectionError('<pip._vendor.urllib3.connection.HTTPSConnection object at 0x7d852d222350>: Failed to establish a new connection: [Errno -2] Name or service not known')': /click/
WARNING: Retrying (Retry(total=1, connect=None, read=None, redirect=None, status=None)) after connection broken by 'NewConnectionError('<pip._vendor.urllib3.connection.HTTPSConnection object at 0x7d852d222500>: Failed to establish a new connection: [Errno -2] Name or service not known')': /click/
WARNING: Retrying (Retry(total=0, connect=None, read=None, redirect=None, status=None)) after connection broken by 'NewConnectionError('<pip._vendor.urllib3.connection.HTTPSConnection object at 0x7d852d2226b0>: Failed to establish a new connection: [Errno -2] Name or service not known')': /click/
WARNING: Retrying (Retry(total=4, connect=None, read=None, redirect=None, status=None)) after connection broken by 'NewConnectionError('<pip._vendor.urllib3.connection.HTTPSConnection object at 0x7d852d2485b0>: Failed to establish a new connection: [Errno -2] Name or service not known')': /hf-xet/
WARNING: Retrying (Retry(total=3, connect=None, read=None, redirect=None, status=None)) after connection broken by 'NewConnectionError('<pip._vendor.urllib3.connection.HTTPSConnection object at 0x7d852d248970>: Failed to establish a new connection: [Errno -2] Name or service not known')': /hf-xet/
WARNING: Retrying (Retry(total=2, connect=None, read=None, redirect=None, status=None)) after connection broken by 'NewConnectionError('<pip._vendor.urllib3.connection.HTTPSConnection object at 0x7d852d248b20>: Failed to establish a new connection: [Errno -2] Name or service not known')': /hf-xet/
WARNING: Retrying (Retry(total=1, connect=None, read=None, redirect=None, status=None)) after connection broken by 'NewConnectionError('<pip._vendor.urllib3.connection.HTTPSConnection object at 0x7d852d248cd0>: Failed to establish a new connection: [Errno -2] Name or service not known')': /hf-xet/
WARNING: Retrying (Retry(total=0, connect=None, read=None, redirect=None, status=None)) after connection broken by 'NewConnectionError('<pip._vendor.urllib3.connection.HTTPSConnection object at 0x7d852d248e80>: Failed to establish a new connection: [Errno -2] Name or service not known')': /hf-xet/
WARNING: Retrying (Retry(total=4, connect=None, read=None, redirect=None, status=None)) after connection broken by 'NewConnectionError('<pip._vendor.urllib3.connection.HTTPSConnection object at 0x7d852d2b1990>: Failed to establish a new connection: [Errno -2] Name or service not known')': /httpx/
WARNING: Retrying (Retry(total=3, connect=None, read=None, redirect=None, status=None)) after connection broken by 'NewConnectionError('<pip._vendor.urllib3.connection.HTTPSConnection object at 0x7d852d2b1e10>: Failed to establish a new connection: [Errno -2] Name or service not known')': /httpx/
WARNING: Retrying (Retry(total=2, connect=None, read=None, redirect=None, status=None)) after connection broken by 'NewConnectionError('<pip._vendor.urllib3.connection.HTTPSConnection object at 0x7d852d2b1fc0>: Failed to establish a new connection: [Errno -2] Name or service not known')': /httpx/
WARNING: Retrying (Retry(total=1, connect=None, read=None, redirect=None, status=None)) after connection broken by 'NewConnectionError('<pip._vendor.urllib3.connection.HTTPSConnection object at 0x7d852d2b2170>: Failed to establish a new connection: [Errno -2] Name or service not known')': /httpx/
WARNING: Retrying (Retry(total=0, connect=None, read=None, redirect=None, status=None)) after connection broken by 'NewConnectionError('<pip._vendor.urllib3.connection.HTTPSConnection object at 0x7d852d2b2320>: Failed to establish a new connection: [Errno -2] Name or service not known')': /httpx/
WARNING: Retrying (Retry(total=4, connect=None, read=None, redirect=None, status=None)) after connection broken by 'NewConnectionError('<pip._vendor.urllib3.connection.HTTPSConnection object at 0x7d852d0c7c10>: Failed to establish a new connection: [Errno -2] Name or service not known')': /anyio/
WARNING: Retrying (Retry(total=3, connect=None, read=None, redirect=None, status=None)) after connection broken by 'NewConnectionError('<pip._vendor.urllib3.connection.HTTPSConnection object at 0x7d852d0c7f10>: Failed to establish a new connection: [Errno -2] Name or service not known')': /anyio/
WARNING: Retrying (Retry(total=2, connect=None, read=None, redirect=None, status=None)) after connection broken by 'NewConnectionError('<pip._vendor.urllib3.connection.HTTPSConnection object at 0x7d852d0e0280>: Failed to establish a new connection: [Errno -2] Name or service not known')': /anyio/
WARNING: Retrying (Retry(total=1, connect=None, read=None, redirect=None, status=None)) after connection broken by 'NewConnectionError('<pip._vendor.urllib3.connection.HTTPSConnection object at 0x7d852d0e0430>: Failed to establish a new connection: [Errno -2] Name or service not known')': /anyio/
WARNING: Retrying (Retry(total=0, connect=None, read=None, redirect=None, status=None)) after connection broken by 'NewConnectionError('<pip._vendor.urllib3.connection.HTTPSConnection object at 0x7d852d0e05e0>: Failed to establish a new connection: [Errno -2] Name or service not known')': /anyio/
WARNING: Retrying (Retry(total=4, connect=None, read=None, redirect=None, status=None)) after connection broken by 'NewConnectionError('<pip._vendor.urllib3.connection.HTTPSConnection object at 0x7d852cf1a3e0>: Failed to establish a new connection: [Errno -2] Name or service not known')': /httpcore/
WARNING: Retrying (Retry(total=3, connect=None, read=None, redirect=None, status=None)) after connection broken by 'NewConnectionError('<pip._vendor.urllib3.connection.HTTPSConnection object at 0x7d852cf1a860>: Failed to establish a new connection: [Errno -2] Name or service not known')': /httpcore/
WARNING: Retrying (Retry(total=2, connect=None, read=None, redirect=None, status=None)) after connection broken by 'NewConnectionError('<pip._vendor.urllib3.connection.HTTPSConnection object at 0x7d852cf1aa10>: Failed to establish a new connection: [Errno -2] Name or service not known')': /httpcore/
WARNING: Retrying (Retry(total=1, connect=None, read=None, redirect=None, status=None)) after connection broken by 'NewConnectionError('<pip._vendor.urllib3.connection.HTTPSConnection object at 0x7d852cf1abc0>: Failed to establish a new connection: [Errno -2] Name or service not known')': /httpcore/
WARNING: Retrying (Retry(total=0, connect=None, read=None, redirect=None, status=None)) after connection broken by 'NewConnectionError('<pip._vendor.urllib3.connection.HTTPSConnection object at 0x7d852cf1ad70>: Failed to establish a new connection: [Errno -2] Name or service not known')': /httpcore/
WARNING: Retrying (Retry(total=4, connect=None, read=None, redirect=None, status=None)) after connection broken by 'NewConnectionError('<pip._vendor.urllib3.connection.HTTPSConnection object at 0x7d852cf30e20>: Failed to establish a new connection: [Errno -2] Name or service not known')': /h11/
WARNING: Retrying (Retry(total=3, connect=None, read=None, redirect=None, status=None)) after connection broken by 'NewConnectionError('<pip._vendor.urllib3.connection.HTTPSConnection object at 0x7d852cf32b00>: Failed to establish a new connection: [Errno -2] Name or service not known')': /h11/
WARNING: Retrying (Retry(total=2, connect=None, read=None, redirect=None, status=None)) after connection broken by 'NewConnectionError('<pip._vendor.urllib3.connection.HTTPSConnection object at 0x7d852cf32cb0>: Failed to establish a new connection: [Errno -2] Name or service not known')': /h11/
WARNING: Retrying (Retry(total=1, connect=None, read=None, redirect=None, status=None)) after connection broken by 'NewConnectionError('<pip._vendor.urllib3.connection.HTTPSConnection object at 0x7d852cf32e60>: Failed to establish a new connection: [Errno -2] Name or service not known')': /h11/
WARNING: Retrying (Retry(total=0, connect=None, read=None, redirect=None, status=None)) after connection broken by 'NewConnectionError('<pip._vendor.urllib3.connection.HTTPSConnection object at 0x7d852cf33010>: Failed to establish a new connection: [Errno -2] Name or service not known')': /h11/
WARNING: Retrying (Retry(total=4, connect=None, read=None, redirect=None, status=None)) after connection broken by 'NewConnectionError('<pip._vendor.urllib3.connection.HTTPSConnection object at 0x7d852cf5ff40>: Failed to establish a new connection: [Errno -2] Name or service not known')': /typing-extensions/
WARNING: Retrying (Retry(total=3, connect=None, read=None, redirect=None, status=None)) after connection broken by 'NewConnectionError('<pip._vendor.urllib3.connection.HTTPSConnection object at 0x7d852cf5e800>: Failed to establish a new connection: [Errno -2] Name or service not known')': /typing-extensions/
WARNING: Retrying (Retry(total=2, connect=None, read=None, redirect=None, status=None)) after connection broken by 'NewConnectionError('<pip._vendor.urllib3.connection.HTTPSConnection object at 0x7d852cf5dc00>: Failed to establish a new connection: [Errno -2] Name or service not known')': /typing-extensions/
WARNING: Retrying (Retry(total=1, connect=None, read=None, redirect=None, status=None)) after connection broken by 'NewConnectionError('<pip._vendor.urllib3.connection.HTTPSConnection object at 0x7d852cf5cac0>: Failed to establish a new connection: [Errno -2] Name or service not known')': /typing-extensions/
WARNING: Retrying (Retry(total=0, connect=None, read=None, redirect=None, status=None)) after connection broken by 'NewConnectionError('<pip._vendor.urllib3.connection.HTTPSConnection object at 0x7d852cf5c610>: Failed to establish a new connection: [Errno -2] Name or service not known')': /typing-extensions/
WARNING: Running pip as the 'root' user can result in broken permissions and conflicting behaviour with the system package manager. It is recommended to use a virtual environment instead: https://pip.pypa.io/warnings/venv

[notice] A new release of pip is available: 23.3.1 -> 26.2.1
[notice] To update, run: python -m pip install --upgrade pip
Traceback (most recent call last):
  File "/netscratch/chandel/mammoth/main.py", line 566, in <module>
    main()
  File "/netscratch/chandel/mammoth/main.py", line 558, in main
    from utils.training import train
  File "/netscratch/chandel/mammoth/utils/training.py", line 17, in <module>
    from datasets import get_dataset
  File "/netscratch/chandel/mammoth/datasets/__init__.py", line 176, in <module>
    importlib.import_module(f'datasets.{file[:-3]}')
  File "/usr/lib/python3.10/importlib/__init__.py", line 126, in import_module
    return _bootstrap._gcd_import(name[level:], package, level)
  File "/netscratch/chandel/mammoth/datasets/seq_dtd.py", line 2, in <module>
    import open_clip
ModuleNotFoundError: No module named 'open_clip'
srun: error: kent: task 0: Exited with exit code 1
