Job 3239526: Running on node(s) kusel
Job 3239526: Started at 2026-08-02 05:01:02+0200
Monitor this job here: http://monitoring.pegasus.kl.dfki.de/d/slurm-job-details/job-details?var-jobid=3239526&from=1785639662000
srun: jobinfo: version v1.0.0
Job 3239526: Running on node(s) kusel
Job 3239526: Started at 2026-08-02 05:01:02+0200
Monitor this job here: http://monitoring.pegasus.kl.dfki.de/d/slurm-job-details/job-details?var-jobid=3239526&from=1785639662000
WARNING: Running pip as the 'root' user can result in broken permissions and conflicting behaviour with the system package manager. It is recommended to use a virtual environment instead: https://pip.pypa.io/warnings/venv

[notice] A new release of pip is available: 23.3.1 -> 26.2
[notice] To update, run: python -m pip install --upgrade pip
Warning: You are sending unauthenticated requests to the HF Hub. Please set a HF_TOKEN to enable higher rate limits and faster downloads.
/usr/local/lib/python3.10/dist-packages/open_clip/factory.py:388: UserWarning: These pretrained weights were trained with QuickGELU activation but the model config does not have that enabled. Consider using a model config with a "-quickgelu" suffix or enable with a flag.
  warnings.warn(
Accuracy for 1 task(s): [Domain-IL]: 90.92 %
	Raw accuracy values: Domain-IL [90.92]


Accuracy for 2 task(s): [Domain-IL]: 92.0 %
	Raw accuracy values: Domain-IL [91.91, 92.08]


Accuracy for 3 task(s): [Domain-IL]: 86.99 %
	Raw accuracy values: Domain-IL [86.25, 85.11999999999999, 89.60000000000001]


Accuracy for 4 task(s): [Domain-IL]: 83.12 %
	Raw accuracy values: Domain-IL [84.07, 84.14, 73.3, 90.95]


Accuracy for 5 task(s): [Domain-IL]: 84.82 %
	Raw accuracy values: Domain-IL [82.6, 83.00999999999999, 89.64, 77.17, 91.7]


Accuracy for 6 task(s): [Domain-IL]: 86.16 %
	Raw accuracy values: Domain-IL [91.18, 89.08, 84.38, 76.17, 83.48, 92.67]


Accuracy for 7 task(s): [Domain-IL]: 86.0 %
	Raw accuracy values: Domain-IL [91.36999999999999, 92.45, 79.58, 78.07, 80.64, 86.86, 93.06]


Accuracy for 8 task(s): [Domain-IL]: 85.84 %
	Raw accuracy values: Domain-IL [88.19, 89.07000000000001, 86.99, 67.55, 92.14, 84.57000000000001, 85.28, 92.96]


Accuracy for 9 task(s): [Domain-IL]: 85.08 %
	Raw accuracy values: Domain-IL [88.97, 87.46000000000001, 85.0, 68.34, 86.07000000000001, 91.28, 80.80000000000001, 84.26, 93.52000000000001]


Accuracy for 10 task(s): [Domain-IL]: 87.38 %
	Raw accuracy values: Domain-IL [93.93, 94.13, 83.34, 70.05, 85.42, 91.94, 91.25999999999999, 83.3, 86.05000000000001, 94.34]


Accuracy for 11 task(s): [Domain-IL]: 87.17 %
	Raw accuracy values: Domain-IL [93.77, 92.75, 81.42, 66.03999999999999, 83.74000000000001, 95.19999999999999, 84.81, 82.12, 92.19000000000001, 91.64999999999999, 95.23]


Accuracy for 12 task(s): [Domain-IL]: 86.81 %
	Raw accuracy values: Domain-IL [90.48, 91.45, 79.38, 79.46, 81.15, 89.38000000000001, 92.75999999999999, 77.0, 85.36, 91.9, 88.96, 94.39999999999999]


Accuracy for 13 task(s): [Domain-IL]: 87.13 %
	Raw accuracy values: Domain-IL [88.56, 89.07000000000001, 92.81, 69.57, 89.5, 88.16000000000001, 87.55, 83.78, 87.16000000000001, 88.21, 88.13, 86.42, 93.74]


Accuracy for 14 task(s): [Domain-IL]: 86.76 %
	Raw accuracy values: Domain-IL [88.85, 88.77000000000001, 88.58, 66.36999999999999, 84.41, 90.73, 86.18, 78.88, 94.16, 87.99, 91.9, 83.21, 90.14, 94.42]


Accuracy for 15 task(s): [Domain-IL]: 84.92 %
	Raw accuracy values: Domain-IL [85.96000000000001, 86.42999999999999, 82.25, 93.21000000000001, 78.81, 86.28, 84.91, 70.12, 87.16000000000001, 85.82, 86.9, 86.92, 81.49, 84.17999999999999, 93.31]


Accuracy for 16 task(s): [Domain-IL]: 86.61 %
	Raw accuracy values: Domain-IL [86.22999999999999, 86.4, 86.74, 82.12, 81.75, 88.9, 83.74000000000001, 75.2, 94.17999999999999, 85.8, 90.67, 83.25, 89.22, 94.76, 81.8, 95.03]


Accuracy for 17 task(s): [Domain-IL]: 87.98 %
	Raw accuracy values: Domain-IL [92.67, 93.75, 84.08, 82.08, 81.23, 90.03, 94.44, 75.14999999999999, 89.75999999999999, 94.16, 89.25999999999999, 92.22, 83.89, 88.87, 80.89, 88.32, 94.78999999999999]


Accuracy for 18 task(s): [Domain-IL]: 88.17 %
	Raw accuracy values: Domain-IL [88.0, 89.47, 93.58999999999999, 78.12, 89.13, 86.42, 88.8, 81.77, 90.12, 89.05999999999999, 87.19, 85.83, 95.0, 91.97999999999999, 76.55999999999999, 92.4, 88.69, 94.98]


Accuracy for 19 task(s): [Domain-IL]: 87.71 %
	Raw accuracy values: Domain-IL [87.25, 89.05, 87.66000000000001, 85.52, 83.2, 84.95, 92.7, 74.26, 87.2, 89.94, 85.22999999999999, 94.78999999999999, 88.72, 87.72999999999999, 83.86, 88.14, 92.41, 89.0, 94.92]


Accuracy for 20 task(s): [Domain-IL]: 88.76 %
	Raw accuracy values: Domain-IL [95.09, 94.52000000000001, 86.41, 77.52, 82.23, 95.17999999999999, 91.08000000000001, 76.11, 92.61, 94.04, 94.58, 89.23, 87.67, 90.29, 76.21, 89.33, 91.91, 87.6, 87.96000000000001, 95.71]


