Job 3239527: Running on node(s) kusel
Job 3239527: Started at 2026-08-02 05:01:02+0200
Monitor this job here: http://monitoring.pegasus.kl.dfki.de/d/slurm-job-details/job-details?var-jobid=3239527&from=1785639662000
srun: jobinfo: version v1.0.0
Job 3239527: Running on node(s) kusel
Job 3239527: Started at 2026-08-02 05:01:02+0200
Monitor this job here: http://monitoring.pegasus.kl.dfki.de/d/slurm-job-details/job-details?var-jobid=3239527&from=1785639662000
WARNING: Running pip as the 'root' user can result in broken permissions and conflicting behaviour with the system package manager. It is recommended to use a virtual environment instead: https://pip.pypa.io/warnings/venv

[notice] A new release of pip is available: 23.3.1 -> 26.2
[notice] To update, run: python -m pip install --upgrade pip
/usr/local/lib/python3.10/dist-packages/open_clip/factory.py:388: UserWarning: These pretrained weights were trained with QuickGELU activation but the model config does not have that enabled. Consider using a model config with a "-quickgelu" suffix or enable with a flag.
  warnings.warn(
Accuracy for 1 task(s): [Domain-IL]: 92.43 %
	Raw accuracy values: Domain-IL [92.43]


Accuracy for 2 task(s): [Domain-IL]: 93.9 %
	Raw accuracy values: Domain-IL [93.81, 93.97999999999999]


Accuracy for 3 task(s): [Domain-IL]: 91.36 %
	Raw accuracy values: Domain-IL [91.19, 90.63, 92.25]


Accuracy for 4 task(s): [Domain-IL]: 88.93 %
	Raw accuracy values: Domain-IL [89.18, 89.48, 84.69, 92.36999999999999]


Accuracy for 5 task(s): [Domain-IL]: 89.49 %
	Raw accuracy values: Domain-IL [87.59, 88.36, 91.69, 86.11, 93.71000000000001]


Accuracy for 6 task(s): [Domain-IL]: 90.43 %
	Raw accuracy values: Domain-IL [92.78, 91.78, 89.39, 84.5, 90.02, 94.11]


Accuracy for 7 task(s): [Domain-IL]: 90.33 %
	Raw accuracy values: Domain-IL [93.19, 94.17999999999999, 87.26, 84.31, 88.17, 90.93, 94.28999999999999]


Accuracy for 8 task(s): [Domain-IL]: 90.4 %
	Raw accuracy values: Domain-IL [91.73, 92.27, 89.7, 79.91, 94.03, 89.83, 91.36999999999999, 94.34]


Accuracy for 9 task(s): [Domain-IL]: 89.6 %
	Raw accuracy values: Domain-IL [91.10000000000001, 91.01, 89.0, 78.16, 91.51, 92.58999999999999, 88.86, 90.12, 94.01]


Accuracy for 10 task(s): [Domain-IL]: 91.06 %
	Raw accuracy values: Domain-IL [94.49, 95.25, 88.24, 79.19, 91.43, 93.76, 92.99, 89.34, 90.62, 95.33]


Accuracy for 11 task(s): [Domain-IL]: 90.82 %
	Raw accuracy values: Domain-IL [94.14, 94.12, 87.11, 77.19, 89.92, 95.22, 90.33, 88.32, 93.19, 93.77, 95.67999999999999]


Accuracy for 12 task(s): [Domain-IL]: 90.88 %
	Raw accuracy values: Domain-IL [92.67, 93.75, 86.85000000000001, 81.44, 89.53999999999999, 93.21000000000001, 94.42, 86.69, 90.44, 93.78999999999999, 92.86, 94.88]


Accuracy for 13 task(s): [Domain-IL]: 90.7 %
	Raw accuracy values: Domain-IL [91.35, 92.42, 93.84, 78.81, 92.06, 91.56, 91.88, 86.55000000000001, 90.62, 92.42, 91.49000000000001, 91.56, 94.59]


Accuracy for 14 task(s): [Domain-IL]: 90.66 %
	Raw accuracy values: Domain-IL [91.29, 92.17, 91.64, 76.16000000000001, 90.3, 92.36999999999999, 91.09, 85.59, 95.13000000000001, 92.02, 93.28999999999999, 90.16999999999999, 93.01, 95.06]


Accuracy for 15 task(s): [Domain-IL]: 90.73 %
	Raw accuracy values: Domain-IL [90.31, 91.33, 90.72, 93.73, 89.22, 91.57, 90.67, 82.07, 92.35, 91.09, 91.67, 90.85, 90.25, 91.36999999999999, 93.7]


Accuracy for 16 task(s): [Domain-IL]: 90.85 %
	Raw accuracy values: Domain-IL [89.85, 90.79, 90.48, 89.9, 88.66000000000001, 91.38, 89.83, 82.43, 94.88, 90.57, 92.47999999999999, 89.8, 92.24, 95.24000000000001, 89.60000000000001, 95.47]


Accuracy for 17 task(s): [Domain-IL]: 91.54 %
	Raw accuracy values: Domain-IL [92.78999999999999, 93.97999999999999, 90.03999999999999, 88.24, 88.79, 92.27, 94.85, 82.5, 93.14, 94.33, 92.07, 93.27, 90.73, 92.93, 87.97, 92.99, 95.23]


Accuracy for 18 task(s): [Domain-IL]: 91.45 %
	Raw accuracy values: Domain-IL [91.16, 92.45, 93.93, 87.07000000000001, 90.72, 90.64999999999999, 92.54, 83.34, 92.74, 92.47, 90.91, 91.34, 95.14, 93.44, 86.45, 93.92, 92.71000000000001, 95.15]


Accuracy for 19 task(s): [Domain-IL]: 91.34 %
	Raw accuracy values: Domain-IL [89.84, 91.95, 91.91, 88.33, 89.64999999999999, 89.7, 94.04, 82.12, 91.97999999999999, 92.07, 89.81, 95.25, 93.39, 92.30000000000001, 87.62, 92.71000000000001, 93.71000000000001, 93.54, 95.50999999999999]


Accuracy for 20 task(s): [Domain-IL]: 92.16 %
	Raw accuracy values: Domain-IL [94.78999999999999, 94.82000000000001, 91.31, 86.72, 89.17, 95.25, 93.77, 82.08, 93.60000000000001, 94.6, 94.87, 93.33, 92.63, 92.51, 85.83, 92.53, 94.01, 92.63, 93.07, 95.77]


